  ⚠ 'intros' tactic does nothing
  │ 
  │ Note: This linter can be disabled with `set_option linter.unusedTactic
  │ false`
    ╭─[$WORKSPACE/src/main.rs:9:17]
  8 │ ///   unfold abs
  9 │ ///   split <;> intros <;> (try cases h_req) <;> (try have := Aeneas.Std.IScalar.hmin x) <;> (try have := Aeneas.Std.IScalar.hmax x) <;> (try have : (↑(0 : I32) : Int) = 0 := by rfl) <;> (try have h_bound := Aeneas.Std.IScalar.tryMk_eq IScalarTy.I32 (-↑x)) <;> (try split at h_bound) <;> (try simp_all [HNeg.hNeg, Aeneas.Std.IScalar.neg, Aeneas.Std.IScalar.inBounds]) <;> scalar_tac
    ·                 ───┬──
    ·                    ╰── here
 10 │ /// proof (h0):
    ╰────

  ⚠ 'intros' tactic does nothing
  │ 
  │ Note: This linter can be disabled with `set_option linter.unusedTactic
  │ false`
    ╭─[$WORKSPACE/src/main.rs:12:30]
 11 │ ///   unfold abs at h_returns
 12 │ ///   split at h_returns <;> intros <;> (try cases h_req) <;> (try have := Aeneas.Std.IScalar.hmin x) <;> (try have := Aeneas.Std.IScalar.hmax x) <;> (try have : (↑(0 : I32) : Int) = 0 := by rfl) <;> (try have h_bound := Aeneas.Std.IScalar.tryMk_eq IScalarTy.I32 (-↑x)) <;> (try split at h_bound) <;> (try simp_all [HNeg.hNeg, Aeneas.Std.IScalar.neg, Aeneas.Std.IScalar.inBounds]) <;> scalar_tac
    ·                              ───┬──
    ·                                 ╰── here
 13 │ /// proof (h1):
    ╰────

  ⚠ '(try cases h_req)' tactic does nothing
  │ 
  │ Note: This linter can be disabled with `set_option linter.unusedTactic
  │ false`
    ╭─[$WORKSPACE/src/main.rs:12:41]
 11 │ ///   unfold abs at h_returns
 12 │ ///   split at h_returns <;> intros <;> (try cases h_req) <;> (try have := Aeneas.Std.IScalar.hmin x) <;> (try have := Aeneas.Std.IScalar.hmax x) <;> (try have : (↑(0 : I32) : Int) = 0 := by rfl) <;> (try have h_bound := Aeneas.Std.IScalar.tryMk_eq IScalarTy.I32 (-↑x)) <;> (try split at h_bound) <;> (try simp_all [HNeg.hNeg, Aeneas.Std.IScalar.neg, Aeneas.Std.IScalar.inBounds]) <;> scalar_tac
    ·                                         ────────┬────────
    ·                                                 ╰── here
 13 │ /// proof (h1):
    ╰────

  ⚠ '(try cases h_req)' tactic does nothing
  │ 
  │ Note: This linter can be disabled with `set_option linter.unusedTactic
  │ false`
    ╭─[$WORKSPACE/src/main.rs:15:41]
 14 │ ///   unfold abs at h_returns
 15 │ ///   split at h_returns <;> intros <;> (try cases h_req) <;> (try have := Aeneas.Std.IScalar.hmin x) <;> (try have := Aeneas.Std.IScalar.hmax x) <;> (try have : (↑(0 : I32) : Int) = 0 := by rfl) <;> (try have h_bound := Aeneas.Std.IScalar.tryMk_eq IScalarTy.I32 (-↑x)) <;> (try split at h_bound) <;> (try simp_all [HNeg.hNeg, Aeneas.Std.IScalar.neg, Aeneas.Std.IScalar.inBounds]) <;> scalar_tac
    ·                                         ────────┬────────
    ·                                                 ╰── here
 16 │ /// ```
    ╰────

  ⚠ Used `tac1 <;> tac2` where `(tac1; tac2)` would suffice
  │ 
  │ Note: This linter can be disabled with `set_option
  │ linter.unnecessarySeqFocus false`
    ╭─[$WORKSPACE/src/main.rs:9:373]
  8 │ ///   unfold abs
  9 │ ///   split <;> intros <;> (try cases h_req) <;> (try have := Aeneas.Std.IScalar.hmin x) <;> (try have := Aeneas.Std.IScalar.hmax x) <;> (try have : (↑(0 : I32) : Int) = 0 := by rfl) <;> (try have h_bound := Aeneas.Std.IScalar.tryMk_eq IScalarTy.I32 (-↑x)) <;> (try split at h_bound) <;> (try simp_all [HNeg.hNeg, Aeneas.Std.IScalar.neg, Aeneas.Std.IScalar.inBounds]) <;> scalar_tac
    ·                                                                                                                                                                                                                                                                                                                                                                                 ─┬─
    ·                                                                                                                                                                                                                                                                                                                                                                                  ╰── here
 10 │ /// proof (h0):
    ╰────

  ⚠ Used `tac1 <;> tac2` where `(tac1; tac2)` would suffice
  │ 
  │ Note: This linter can be disabled with `set_option
  │ linter.unnecessarySeqFocus false`
    ╭─[$WORKSPACE/src/main.rs:12:386]
 11 │ ///   unfold abs at h_returns
 12 │ ///   split at h_returns <;> intros <;> (try cases h_req) <;> (try have := Aeneas.Std.IScalar.hmin x) <;> (try have := Aeneas.Std.IScalar.hmax x) <;> (try have : (↑(0 : I32) : Int) = 0 := by rfl) <;> (try have h_bound := Aeneas.Std.IScalar.tryMk_eq IScalarTy.I32 (-↑x)) <;> (try split at h_bound) <;> (try simp_all [HNeg.hNeg, Aeneas.Std.IScalar.neg, Aeneas.Std.IScalar.inBounds]) <;> scalar_tac
    ·                                                                                                                                                                                                                                                                                                                                                                                              ─┬─
    ·                                                                                                                                                                                                                                                                                                                                                                                               ╰── here
 13 │ /// proof (h1):
    ╰────

  ⚠ Used `tac1 <;> tac2` where `(tac1; tac2)` would suffice
  │ 
  │ Note: This linter can be disabled with `set_option
  │ linter.unnecessarySeqFocus false`
    ╭─[$WORKSPACE/src/main.rs:15:386]
 14 │ ///   unfold abs at h_returns
 15 │ ///   split at h_returns <;> intros <;> (try cases h_req) <;> (try have := Aeneas.Std.IScalar.hmin x) <;> (try have := Aeneas.Std.IScalar.hmax x) <;> (try have : (↑(0 : I32) : Int) = 0 := by rfl) <;> (try have h_bound := Aeneas.Std.IScalar.tryMk_eq IScalarTy.I32 (-↑x)) <;> (try split at h_bound) <;> (try simp_all [HNeg.hNeg, Aeneas.Std.IScalar.neg, Aeneas.Std.IScalar.inBounds]) <;> scalar_tac
    ·                                                                                                                                                                                                                                                                                                                                                                                              ─┬─
    ·                                                                                                                                                                                                                                                                                                                                                                                               ╰── here
 16 │ /// ```
    ╰────

