{"synthetic": false,
 "schemaVersion": "2025-09-10",
 "outputs":
 {"o": ["4ab07c203eb6f06e.olean"],
  "m": false,
  "i": "d2264521cb1531dd.ilean",
  "c": "3df289e2daffc40d.c"},
 "log":
 [{"message":
   ".> LEAN_PATH=$CHECKOUT/.anneal-local-tools/scratch/lake-probes/layout-e/producer/.lake/build/lib/lean:$CHECKOUT/.anneal-local-tools/scratch/lake-probes/layout-e/consumer/.lake/build/lib/lean $CHECKOUT/.anneal-local-tools/elan/toolchains/leanprover--lean4---v4.30.0-rc2/bin/lean $CHECKOUT/.anneal-local-tools/scratch/lake-probes/layout-e/producer/Dep.lean -o $CHECKOUT/.anneal-local-tools/scratch/lake-probes/layout-e/producer/.lake/build/lib/lean/Dep.olean -i $CHECKOUT/.anneal-local-tools/scratch/lake-probes/layout-e/producer/.lake/build/lib/lean/Dep.ilean -c $CHECKOUT/.anneal-local-tools/scratch/lake-probes/layout-e/producer/.lake/build/ir/Dep.c --setup $CHECKOUT/.anneal-local-tools/scratch/lake-probes/layout-e/producer/.lake/build/ir/Dep.setup.json --json",
   "level": "trace"}],
 "inputs":
 [["Dep:deps",
   [["deps",
     [["probe_dep/Dep:extraDep", [["@probe_dep:extraDep", "00000000000006bb"]]],
      ["imports", "00000000000006bb"]]],
    ["libs",
     [["import dynlibs", "00000000000006bb"],
      ["package external libraries", "00000000000006bb"],
      ["module dynlibs", "00000000000006bb"],
      ["module plugins", "00000000000006bb"]]]]],
  ["Lean 4.30.0, commit 3dc1a088b6d2d8eafe25a7cd7ec7b58d731bd7cc",
   "2c8d2623007dfc36"],
  ["$CHECKOUT/.anneal-local-tools/scratch/lake-probes/layout-e/producer/Dep.lean",
   "e4eebb71ab446535"],
  ["options", "00000000000006bb"],
  ["isModule: false", "feefd2a0d3a1847e"],
  ["Module.name: Dep", "b5a238a443dfa755"],
  ["Package.id?: (some probe_dep)", "1ac435369954dbd4"],
  ["Module.leanArgs: #[]", "00000000000006bb"]],
 "depHash": "bc2ee9095550ff31"}