{"synthetic": false,
 "schemaVersion": "2025-09-10",
 "outputs":
 {"o": ["c478365929d67ada.olean"],
  "m": false,
  "i": "834835f90cae5e82.ilean",
  "c": "7503ebd952acded4.c"},
 "log":
 [{"message":
   ".> LEAN_PATH=$CHECKOUT/.anneal-local-tools/scratch/lean-compilation-diff/project/.lake/build/lib/lean $CHECKOUT/.anneal-local-tools/elan/toolchains/leanprover--lean4---v4.30.0-rc2/bin/lean $CHECKOUT/.anneal-local-tools/scratch/lean-compilation-diff/project/Probe/Base.lean -o $CHECKOUT/.anneal-local-tools/scratch/lean-compilation-diff/project/.lake/build/lib/lean/Probe/Base.olean -i $CHECKOUT/.anneal-local-tools/scratch/lean-compilation-diff/project/.lake/build/lib/lean/Probe/Base.ilean -c $CHECKOUT/.anneal-local-tools/scratch/lean-compilation-diff/project/.lake/build/ir/Probe/Base.c --setup $CHECKOUT/.anneal-local-tools/scratch/lean-compilation-diff/project/.lake/build/ir/Probe/Base.setup.json --json",
   "level": "trace"}],
 "inputs":
 [["Probe.Base:deps",
   [["deps",
     [["compilation_probe/Probe:extraDep",
       [["@compilation_probe:extraDep", "00000000000006bb"]]],
      ["imports", "00000000000006bb"]]],
    ["libs",
     [["import dynlibs", "00000000000006bb"],
      ["package external libraries", "00000000000006bb"],
      ["module dynlibs", "00000000000006bb"],
      ["module plugins", "00000000000006bb"]]]]],
  ["Lean 4.30.0, commit 3dc1a088b6d2d8eafe25a7cd7ec7b58d731bd7cc",
   "2c8d2623007dfc36"],
  ["$CHECKOUT/.anneal-local-tools/scratch/lean-compilation-diff/project/Probe/Base.lean",
   "20cd4f8b22bdd787"],
  ["options", "00000000000006bb"],
  ["isModule: false", "feefd2a0d3a1847e"],
  ["Module.name: Probe.Base", "8837bbfaa3dd0531"],
  ["Package.id?: (some compilation_probe)", "239e0ac49efd9969"],
  ["Module.leanArgs: #[]", "00000000000006bb"]],
 "depHash": "31d6c2d627ba0f1b"}