✔ [273/911] Built AeneasMeta.UtilsCore:c.o (333ms)
✔ [274/911] Built AeneasMeta.UtilsCore:dynlib (92ms)
✔ [275/911] Built AeneasMeta.Simp.RegisterCommand:c.o (354ms)
✔ [281/1144] Built AeneasMeta.Simp.RegisterCommand:dynlib (73ms)
✔ [306/1688] Built Mathlib.Tactic.Linter.DirectoryDependency (880ms)
✔ [307/1688] Built AeneasMeta.OptionConfig:c.o (1.0s)
✔ [308/1688] Built Config (259ms)
✔ [309/1688] Built AeneasMeta.OptionConfig:dynlib (66ms)
✔ [310/1688] Built Mathlib.Tactic.Linter.Header (705ms)
✔ [311/1688] Built Mathlib.Lean.Environment (753ms)
✔ [312/1688] Built Mathlib.Tactic.TypeStar (728ms)
✔ [313/1688] Built Mathlib.Tactic.DeclarationNames (811ms)
✔ [314/1688] Built Mathlib.Lean.Elab.Tactic.Meta (832ms)
✔ [315/1688] Built Mathlib.Util.ParseCommand (890ms)
✔ [316/1688] Built Mathlib.Tactic.Linter.Whitespace (1.5s)
✔ [317/1688] Built Mathlib.Tactic.MinImports (1.5s)
✔ [318/1688] Built Mathlib.Tactic.Linter.OldObtain (729ms)
✔ [319/1688] Built Mathlib.Tactic.Linter.TacticDocumentation (740ms)
✔ [320/1688] Built Mathlib.Tactic.Linter.UnusedTacticExtension (824ms)
✔ [321/1688] Built Mathlib.Tactic.Linter.PrivateModule (848ms)
✔ [322/1688] Built Mathlib.Lean.Expr.Basic (1.5s)
✔ [323/1688] Built Mathlib.Tactic.Linter.GlobalAttributeIn (783ms)
✔ [324/1688] Built Mathlib.Tactic.Linter.Multigoal (851ms)
✔ [325/1688] Built Mathlib.Tactic.Linter.HashCommandLinter (1.0s)
✔ [326/1688] Built Mathlib.Tactic.Linter.EmptyLine (987ms)
✔ [327/1688] Built Mathlib.Tactic.Lemma (503ms)
✔ [328/1688] Built Mathlib.Tactic.Linter.DocString (1.2s)
✔ [329/1688] Built Mathlib.Lean.Linter (470ms)
✔ [330/1688] Built Mathlib.Lean.Elab.InfoTree (528ms)
✔ [331/1688] Built Mathlib.Tactic.Linter.DeprecatedSyntaxLinter (1.2s)
✔ [332/1688] Built Mathlib.Tactic.Linter.FlexibleLinter (2.1s)
✔ [333/1688] Built Mathlib.Tactic.Linter.DocPrime (1.6s)
✔ [334/1688] Built Mathlib.Tactic.Lift (1.2s)
✔ [335/1688] Built Mathlib.Tactic.Linter.Lint (920ms)
✔ [336/1688] Built Mathlib.Lean.ContextInfo (792ms)
✔ [337/1688] Built Mathlib.Data.Ineq (544ms)
✔ [338/1688] Built Mathlib.Tactic.Linter.MinImports (1.1s)
✔ [339/1688] Built Mathlib.Tactic.ExtractGoal (1.1s)
✔ [340/1688] Built AeneasMeta.Utils:c.o (5.9s)
✔ [341/1688] Built AeneasMeta.Utils:dynlib (85ms)
✔ [344/1688] Built Mathlib.Tactic.Linter.UnusedTactic (1.0s)
✔ [346/1688] Built Mathlib.Util.PrintSorries (955ms)
✔ [347/1688] Built AeneasMeta.Extensions:c.o (148ms)
✔ [348/1688] Built Mathlib.Tactic.Linter.Style (2.0s)
✔ [349/1688] Built AeneasMeta.Async.Async:c.o (314ms)
✔ [350/1688] Built AeneasMeta.Extensions:dynlib (78ms)
✔ [352/1688] Built Mathlib.Tactic.Linter.UnusedInstancesInType (951ms)
✔ [353/1688] Built AeneasMeta.Async.Async:dynlib (73ms)
✔ [354/1688] Built Mathlib.Tactic.TacticAnalysis (931ms)
✔ [355/1688] Built AeneasMeta.Simp.Simp:c.o (591ms)
✔ [356/1688] Built AeneasMeta.Simp.Simp:dynlib (67ms)
✔ [358/1688] Built AeneasMeta.Saturate.Attribute:c.o (838ms)
✔ [359/1688] Built AeneasMeta.Saturate.Attribute:dynlib (65ms)
✔ [361/1688] Built AeneasMeta.Simp.SimpAllAssumptions:c.o (599ms)
✔ [362/1688] Built AeneasMeta.Simp.SimpAllAssumptions:dynlib (64ms)
✔ [364/1688] Built AeneasMeta.Simp:c.o (56ms)
✔ [365/1688] Built AeneasMeta.Simp:dynlib (64ms)
✔ [368/1688] Built AeneasMeta.Async.TestTactics:c.o (130ms)
✔ [369/1688] Built AeneasMeta.Async.TestTactics:dynlib (64ms)
✔ [371/1688] Built AeneasMeta.Async.Test:c.o (55ms)
✔ [372/1688] Built AeneasMeta.Async.Test:dynlib (64ms)
✔ [374/1688] Built AeneasMeta.Async:c.o (56ms)
✔ [375/1688] Built AeneasMeta.Async:dynlib (64ms)
✔ [376/1688] Built Mathlib.Tactic.TacticAnalysis.Declarations (1.5s)
✔ [377/1688] Built Mathlib.Init (530ms)
✔ [378/1688] Built Mathlib.Util.PPOptions (917ms)
✔ [379/1688] Built Mathlib.Data.Int.DivMod (933ms)
✔ [380/1688] Built Mathlib.Data.List.Monad (935ms)
✔ [381/1688] Built Mathlib.Logic.Function.CompTypeclasses (958ms)
✔ [382/1688] Built Mathlib.Control.Lawful (937ms)
✔ [383/1688] Built Mathlib.Lean.Meta.Tactic.Rewrite (883ms)
✔ [384/1688] Built Mathlib.Util.ElabWithoutMVars (899ms)
✔ [385/1688] Built Mathlib.Control.ULift (1.0s)
✔ [386/1688] Built Mathlib.Tactic.Linarith.Oracle.SimplexAlgorithm.Datatypes (1.1s)
✔ [387/1688] Built Mathlib.Tactic.SetLike (2.5s)
✔ [388/1688] Built Mathlib.Data.Finset.Attr (2.5s)
✔ [389/1688] Built Mathlib.Util.SynthesizeUsing (1.7s)
✔ [390/1688] Built Mathlib.Tactic.TryThis (939ms)
✔ [391/1688] Built Mathlib.Lean.Expr.Rat (922ms)
✔ [392/1688] Built Mathlib.Data.Option.NAry (1.2s)
✔ [393/1688] Built Mathlib.Lean.GoalsLocation (878ms)
✔ [394/1688] Built Mathlib.Util.WhatsNew (1.4s)
✔ [395/1688] Built Mathlib.Tactic.UnsetOption (789ms)
✔ [396/1688] Built Mathlib.Tactic.Widget.SelectInsertParamsClass (900ms)
✔ [397/1688] Built Mathlib.Util.TransImports (1.0s)
✔ [398/1688] Built Mathlib.Tactic.TypeCheck (774ms)
✔ [399/1688] Built Mathlib.Util.Qq (1.4s)
✔ [400/1688] Built Mathlib.Lean.Meta.KAbstractPositions (948ms)
✔ [401/1688] Built Mathlib.Tactic.SudoSetOption (962ms)
✔ [402/1688] Built Mathlib.Tactic.SimpIntro (1.3s)
✔ [403/1688] Built Mathlib.Util.CountHeartbeats (1.6s)
✔ [404/1688] Built Mathlib.Util.Tactic (824ms)
✔ [405/1688] Built Mathlib.Tactic.SuccessIfFailWithMsg (976ms)
✔ [406/1688] Built Mathlib.Tactic.Variable (2.6s)
✔ [407/1688] Built Mathlib.Tactic.Relation.Rfl (873ms)
✔ [408/1688] Built Mathlib.Tactic.Trace (727ms)
✔ [409/1688] Built Mathlib.Tactic.Set (1.6s)
✔ [410/1688] Built Mathlib.Tactic.Recover (1.1s)
✔ [411/1688] Built Mathlib.Tactic.NthRewrite (922ms)
✔ [412/1688] Built Mathlib.Tactic.HaveI (935ms)
✔ [413/1688] Built Mathlib.Tactic.Linter.UpstreamableDecl (1.0s)
✔ [414/1688] Built Mathlib.Tactic.SwapVar (909ms)
✔ [415/1688] Built Mathlib.Tactic.Observe (1.3s)
✔ [416/1688] Built AeneasMeta.Saturate.Tactic:c.o (8.2s)
✔ [417/1688] Built Mathlib.Tactic.Linter.PPRoundtrip (1.1s)
✔ [418/1688] Built Mathlib.Tactic.InferParam (809ms)
✔ [419/1688] Built Mathlib.Tactic.Rename (914ms)
✔ [420/1688] Built Mathlib.Tactic.RSuffices (861ms)
✔ [421/1688] Built Mathlib.Tactic.Linter.HaveLetLinter (1.1s)
✔ [422/1688] Built Mathlib.Tactic.GuardGoalNums (761ms)
✔ [423/1688] Built Mathlib.Tactic.Linter.DeprecatedModule (1.4s)
✔ [424/1688] Built Mathlib.Tactic.HigherOrder (1.5s)
✔ [425/1688] Built Mathlib.Tactic.Find (1.2s)
✔ [426/1688] Built Mathlib.Tactic.GuardHypNums (817ms)
✔ [427/1688] Built Mathlib.Tactic.FunProp.Decl (1.5s)
✔ [428/1688] Built Mathlib.Util.TermReduce (1.2s)
✔ [429/1688] Built Mathlib.Tactic.FunProp.ToBatteries (1.7s)
✔ [430/1688] Built Mathlib.Tactic.FailIfNoProgress (1.6s)
✔ [431/1688] Built Mathlib.Tactic.FunProp.Mor (974ms)
✔ [432/1688] Built Mathlib.Tactic.DSimpPercent (1.0s)
✔ [433/1688] Built Mathlib.Tactic.ExistsI (798ms)
✔ [434/1688] Built Mathlib.Lean.MessageData.Trace (1.0s)
✔ [435/1688] Built Mathlib.Tactic.Constructor (952ms)
✔ [436/1688] Built Mathlib.Tactic.DeprecateTo (1.7s)
✔ [437/1688] Built Mathlib.Tactic.Clear_ (1.0s)
✔ [438/1688] Built Mathlib.Tactic.ClearExclamation (946ms)
✔ [439/1688] Built Mathlib.Tactic.ClearExcept (915ms)
✔ [440/1688] Built Mathlib.Tactic.ErwQuestion (1.5s)
✔ [441/1688] Built Mathlib.Tactic.DefEqTransformations (2.2s)
✔ [442/1688] Built Mathlib.Tactic.Check (1.4s)
✔ [443/1688] Built Mathlib.Tactic.ApplyCongr (1.0s)
✔ [444/1688] Built Mathlib.Lean.Meta.Basic (932ms)
✔ [445/1688] Built Mathlib.Tactic.Monotonicity.Attr (882ms)
✔ [446/1688] Built Mathlib.Tactic.Bound.Init (1.6s)
✔ [447/1688] Built Mathlib.Data.Prod.PProd (940ms)
✔ [448/1688] Built Mathlib.Tactic.Finiteness.Attr (1.6s)
✔ [449/1688] Built Mathlib.Tactic.ApplyWith (1.2s)
✔ [450/1688] Built Mathlib.Tactic.DepRewrite (4.4s)
✔ [451/1688] Built Mathlib.Tactic.Coe (1.2s)
✔ [452/1688] Built Mathlib.Logic.Function.ULift (926ms)
✔ [453/1688] Built Mathlib.Lean.Meta.RefinedDiscrTree.Basic (1.8s)
✔ [454/1688] Built Mathlib.Data.List.TFAE (900ms)
✔ [455/1688] Built Mathlib.Data.Bracket (1.1s)
✔ [456/1688] Built Mathlib.Tactic.CasesM (1.3s)
✔ [457/1688] Built Mathlib.Control.Combinators (905ms)
✔ [458/1688] Built Mathlib.Tactic.PPWithUniv (1.1s)
✔ [459/1688] Built Mathlib.Tactic.Simproc.ExistsAndEq (3.4s)
✔ [460/1688] Built Mathlib.Logic.OpClass (925ms)
✔ [461/1688] Built Mathlib.Data.Option.Defs (919ms)
✔ [462/1688] Built Mathlib.Util.AtLocation (1.1s)
✔ [463/1688] Built Mathlib.Tactic.GCongr.ForwardAttr (910ms)
✔ [464/1688] Built Mathlib.Tactic.Spread (1.2s)
✔ [465/1688] Built Mathlib.Tactic.StacksAttribute (1.4s)
✔ [466/1688] Built Mathlib.Util.AtomM (1.8s)
✔ [467/1688] Built Mathlib.Util.WithWeakNamespace (874ms)
✔ [468/1688] Built Mathlib.Data.Ordering.Basic (814ms)
✔ [469/1688] Built Mathlib.Tactic.FastInstance (2.1s)
✔ [470/1688] Built Mathlib.Lean.PrettyPrinter.Delaborator (932ms)
✔ [471/1688] Built Mathlib.Tactic.Substs (772ms)
✔ [472/1688] Built Mathlib.Tactic.Conv (1.7s)
✔ [473/1688] Built Mathlib.Logic.IsEmpty.Defs (962ms)
✔ [474/1688] Built Mathlib.Tactic.Core (1.5s)
✔ [475/1688] Built Mathlib.Tactic.ExtendDoc (1.0s)
✔ [476/1688] Built Mathlib.Tactic.Inhabit (1.0s)
✔ [477/1688] Built Mathlib.Lean.Elab.Term (780ms)
✔ [478/1688] Built Mathlib.Tactic.Push.Attr (1.3s)
✔ [479/1688] Built Mathlib.Tactic.Use (1.8s)
✔ [480/1688] Built Mathlib.Logic.ExistsUnique (1.4s)
✔ [481/1688] Built Mathlib.Tactic.SimpRw (1.4s)
✔ [482/1688] Built Mathlib.Lean.Name (963ms)
✔ [483/1688] Built Mathlib.Data.Int.Notation (896ms)
✔ [484/1688] Built Mathlib.Tactic.OfNat (829ms)
✔ [485/1688] Built Mathlib.Util.AddRelatedDecl (1.3s)
✔ [486/1688] Built Mathlib.Logic.Nonempty (876ms)
✔ [487/1688] Built Mathlib.Lean.Meta (1.0s)
✔ [488/1688] Built Mathlib.Data.Nat.BinaryRec (1.1s)
✔ [489/1688] Built Mathlib.Tactic.AdaptationNote (1.2s)
✔ [490/1688] Built Mathlib.Tactic.ToExpr (1.0s)
✔ [491/1688] Built Mathlib.Tactic.Attr.Register (1.4s)
✔ [492/1688] Built Mathlib.Tactic.Eqns (910ms)
✔ [493/1688] Built Mathlib.Tactic.Simps.NotationClass (1.4s)
✔ [494/1688] Built Mathlib.Tactic.Translate.Attributes (799ms)
✔ [495/1688] Built AeneasMeta.Saturate.Tactic:dynlib (202ms)
✔ [496/1688] Built Mathlib.Data.String.Defs (823ms)
✔ [497/1688] Built Mathlib.Data.Nat.Notation (844ms)
✔ [498/1688] Built Mathlib.Util.CompileInductive (1.9s)
✔ [499/1688] Built Mathlib.Lean.Meta.Simp (1.2s)
✔ [500/1688] Built Mathlib.Tactic.Translate.UnfoldBoundary (1.9s)
✔ [501/1688] Built Mathlib.Tactic.Linarith.Oracle.SimplexAlgorithm.Gauss (1.1s)
✔ [502/1688] Built Mathlib.Tactic.Linarith.Oracle.SimplexAlgorithm.SimplexAlgorithm (1.3s)
✔ [503/1688] Built Mathlib.Tactic.RenameBVar (1.0s)
✔ [504/1688] Built Mathlib.Tactic.Widget.SelectPanelUtils (1.3s)
✔ [505/1688] Built Mathlib.Tactic.Linter (879ms)
✔ [506/1688] Built Mathlib.Tactic.Translate.Reorder (3.6s)
✔ [507/1688] Built Mathlib.Tactic.ApplyAt (1.1s)
✔ [508/1688] Built Mathlib.Tactic.FunProp.FunctionData (1.7s)
✔ [509/1688] Built Mathlib.Tactic.ToLevel (809ms)
✔ [510/1688] Built Mathlib.Tactic.DefEqAbuse (1.0s)
✔ [511/1688] Built Mathlib.Lean.Meta.RefinedDiscrTree.Encode (1.6s)
✔ [512/1688] Built Mathlib.Lean.Meta.RefinedDiscrTree.Initialize (1.8s)
✔ [513/1688] Built Mathlib.Tactic.Bound.Attribute (2.5s)
✔ [514/1688] Built Mathlib.Util.AtomM.Recurse (1.7s)
✔ [515/1688] Built Mathlib.Logic.Nontrivial.Defs (973ms)
✔ [516/1688] Built Mathlib.Tactic.SplitIfs (1.4s)
✔ [517/1688] Built Mathlib.Data.Int.Cast.Pi (827ms)
✔ [518/1688] Built Mathlib.Lean.Meta.CongrTheorems (2.2s)
✔ [519/1688] Built Mathlib.Tactic.Basic (1.0s)
✔ [520/1688] Built Mathlib.Tactic.ScopedNS (2.8s)
✔ [522/1688] Built Mathlib.Logic.Function.Defs (1.1s)
✔ [523/1688] Built Mathlib.Tactic.MkIffOfInductiveProp (1.0s)
✔ [524/1688] Built Mathlib.Tactic.Attr.Core (1.1s)
✔ [525/1688] Built Mathlib.Tactic.FBinop (2.1s)
✔ [526/1688] Built Mathlib.Logic.Basic (2.0s)
✔ [527/1688] Built Mathlib.Tactic.IrreducibleDef (2.2s)
✔ [528/1688] Built Mathlib.Tactic.Translate.GuessName (1.7s)
✔ [529/1688] Built Mathlib.Data.PNat.Notation (1.0s)
✔ [530/1688] Built Mathlib.Data.Int.Init (1.8s)
✔ [531/1688] Built Mathlib.Util.Delaborators (8.1s)
✔ [532/1688] Built Mathlib.Data.Nat.Init (2.1s)
✔ [533/1688] Built Mathlib.Data.Rat.Init (1.1s)
✔ [534/1688] Built Mathlib.Tactic.Linarith.Oracle.SimplexAlgorithm.PositiveVector (924ms)
✔ [535/1688] Built Mathlib.Data.Tree.Basic (1.2s)
✔ [536/1688] Built Mathlib.Tactic.Widget.Calc (1.7s)
✔ [537/1688] Built Mathlib.Tactic.Widget.CongrM (1.3s)
✔ [538/1688] Built Mathlib.Tactic.FunProp.Types (1.4s)
✔ [539/1688] Built Mathlib.Tactic.Widget.InteractiveUnfold (1.7s)
✔ [540/1688] Built Mathlib.Lean.Meta.RefinedDiscrTree.Lookup (1.0s)
✔ [541/1688] Built AeneasMeta.Saturate:c.o (296ms)
✔ [542/1688] Built Mathlib.Tactic.TFAE (4.5s)
✔ [543/1688] Built Mathlib.Tactic.Widget.Conv (3.3s)
✔ [544/1688] Built Mathlib.Tactic.Simps.Basic (6.4s)
✔ [545/1688] Built Mathlib.Tactic.Says (1.0s)
✔ [546/1688] Built Mathlib.Tactic.Hint (1.0s)
✔ [547/1688] Built Mathlib.Data.SProd (957ms)
✔ [548/1688] Built Mathlib.Logic.Relator (1.1s)
✔ [549/1688] Built Mathlib.Control.Basic (1.2s)
✔ [550/1688] Built Mathlib.Tactic.Subsingleton (1.4s)
✔ [551/1688] Built Mathlib.Tactic.TermCongr (4.2s)
✔ [552/1688] Built AeneasMeta.Saturate:dynlib (99ms)
✔ [554/1688] Built Mathlib.Tactic.FunProp.Theorems (2.2s)
✔ [555/1688] Built AeneasMeta:c.o (69ms)
✔ [556/1688] Built Mathlib.Lean.Meta.RefinedDiscrTree (1.2s)
✔ [557/1688] Built Mathlib.Tactic.CongrM (1.1s)
✔ [558/1688] Built AeneasMeta:shared (111ms)
✔ [561/1688] Built Mathlib.Tactic.Tauto (3.2s)
✔ [588/1688] Built Mathlib.Tactic.Push (3.1s)
✔ [602/1688] Built Mathlib.Tactic.CongrExclamation (3.7s)
✔ [603/1688] Built Mathlib.Tactic.FunProp.Attr (1.2s)
✔ [604/1688] Built Mathlib.Tactic.ToFun (897ms)
✔ [605/1688] Built Mathlib.Tactic.ByContra (1.0s)
✔ [606/1688] Built Mathlib.Tactic.WLOG (1.4s)
✔ [607/1688] Built Mathlib.Tactic.Contrapose (1.2s)
✔ [608/1688] Built Mathlib.Tactic.ByCases (924ms)
✔ [609/1688] Built Mathlib.Tactic.Convert (1.1s)
✔ [610/1688] Built Mathlib.Util.Notation3 (8.2s)
✔ [611/1688] Built Mathlib.Tactic.Widget.LibraryRewrite (3.3s)
✔ [612/1688] Built Mathlib.Tactic.Translate.Core (6.5s)
✔ [613/1688] Built Mathlib.Tactic.Translate.TagUnfoldBoundary (729ms)
✔ [614/1688] Built Mathlib.Tactic.Translate.ToAdditive (718ms)
✔ [615/1688] Built Mathlib.Tactic.FunProp.Core (4.0s)
✔ [616/1688] Built Mathlib.Tactic.ToAdditive (591ms)
✔ [617/1688] Built Mathlib.Tactic.Translate.ToDual (765ms)
✔ [618/1688] Built Mathlib.Algebra.Notation (697ms)
✔ [619/1688] Built Mathlib.Tactic.ToDual (617ms)
✔ [620/1688] Built Mathlib.Algebra.Notation.Defs (782ms)
✔ [621/1688] Built Mathlib.Tactic.FunProp.Elab (1.4s)
✔ [622/1688] Built Mathlib.Algebra.Regular.Defs (884ms)
✔ [623/1688] Built Mathlib.Algebra.Notation.Pi.Defs (1.3s)
✔ [624/1688] Built Mathlib.Order.Defs.PartialOrder (1.4s)
✔ [625/1688] Built Mathlib.Tactic.FunProp (1.1s)
✔ [626/1688] Built Mathlib.Data.Set.Defs (1.5s)
✔ [627/1688] Built Mathlib.Order.Notation (2.1s)
✔ [628/1688] Built Mathlib.Data.Set.CoeSort (817ms)
✔ [629/1688] Built Mathlib.Algebra.NeZero (1.0s)
✔ [630/1688] Built Mathlib.Order.Bounds.Defs (1.0s)
✔ [631/1688] Built Mathlib.Order.Interval.Set.Defs (1.4s)
✔ [632/1688] Built Mathlib.Order.Defs.Unbundled (1.7s)
✔ [633/1688] Built Mathlib.Order.Defs.LinearOrder (1.8s)
✔ [634/1688] Built Mathlib.Control.Functor (1.3s)
✔ [635/1688] Built Mathlib.Lean.Expr.ExtraRecognizers (950ms)
✔ [636/1688] Built Mathlib.Order.TypeTags (1.8s)
✔ [637/1688] Built Mathlib.Data.Sigma.Lex (1.3s)
✔ [638/1688] Built Mathlib.Data.Bool.Basic (1.7s)
✔ [639/1688] Built Mathlib.Data.Int.Order.Basic (1.6s)
✔ [640/1688] Built Mathlib.Logic.Relation (2.2s)
✔ [641/1688] Built Mathlib.Control.Traversable.Basic (1.4s)
✔ [642/1688] Built Mathlib.Logic.Function.Basic (2.7s)
✔ [643/1688] Built Mathlib.Data.List.Defs (2.4s)
✔ [644/1688] Built Mathlib.Data.ENat.Defs (1.6s)
✔ [645/1688] Built Mathlib.Logic.IsEmpty.Basic (1.1s)
✔ [646/1688] Built Mathlib.Data.Sigma.Basic (1.1s)
✔ [647/1688] Built Mathlib.Algebra.Group.Defs (6.3s)
✔ [648/1688] Built Mathlib.Algebra.Notation.Pi.Basic (1.4s)
✔ [649/1688] Built Mathlib.Logic.Pairwise (1.2s)
✔ [650/1688] Built Mathlib.Tactic.Choose (1.8s)
✔ [651/1688] Built Mathlib.Data.Sum.Basic (1.4s)
✔ [652/1688] Built Mathlib.Logic.Function.Conjugate (1.2s)
✔ [653/1688] Built Mathlib.Logic.Unique (1.2s)
✔ [654/1688] Built Mathlib.Data.Subtype (1.4s)
✔ [655/1688] Built Mathlib.Data.Nat.Bits (1.6s)
✔ [656/1688] Built Mathlib.Data.List.GetD (1.3s)
✔ [657/1688] Built Mathlib.Tactic.GCongr.Core (6.0s)
✔ [658/1688] Built Mathlib.Algebra.Group.PUnit (1.2s)
✔ [659/1688] Built Mathlib.Algebra.Group.Commutator (1.1s)
✔ [660/1688] Built Mathlib.Control.Applicative (1.3s)
✔ [661/1688] Built Mathlib.Algebra.Group.Int.Defs (908ms)
✔ [662/1688] Built Mathlib.Algebra.BigOperators.Group.List.Defs (1.4s)
✔ [663/1688] Built Mathlib.Algebra.Group.Nat.Defs (1.1s)
✔ [664/1688] Built Mathlib.Data.Option.Basic (2.5s)
✔ [665/1688] Built Mathlib.Algebra.Group.Invertible.Defs (1.4s)
✔ [666/1688] Built Mathlib.Data.Nat.Cast.Defs (1.5s)
✔ [667/1688] Built Mathlib.Data.List.Pairwise (1.2s)
✔ [668/1688] Built Mathlib.Algebra.Group.Semiconj.Defs (1.4s)
✔ [669/1688] Built Mathlib.Logic.Function.Iterate (1.4s)
✔ [670/1688] Built Mathlib.Algebra.GroupWithZero.Defs (1.9s)
✔ [671/1688] Built Mathlib.Data.FunLike.Basic (1.2s)
✔ [672/1688] Built Mathlib.Algebra.Group.Pi.Basic (2.2s)
✔ [673/1688] Built Mathlib.Data.Nat.Basic (1.2s)
✔ [674/1688] Built Mathlib.Algebra.Group.InjSurj (3.6s)
✔ [675/1688] Built Mathlib.Tactic.GCongr.CoreAttrs (993ms)
✔ [676/1688] Built Mathlib.Data.List.Flatten (1.5s)
✔ [677/1688] Built Mathlib.Data.Quot (2.3s)
✔ [678/1688] Built Mathlib.Tactic.GRewrite.Core (1.3s)
✔ [679/1688] Built Mathlib.Data.Nat.Cast.NeZero (1.0s)
✔ [680/1688] Built Mathlib.Data.Int.Cast.Defs (996ms)
✔ [681/1688] Built Mathlib.Data.Set.Operations (3.0s)
✔ [682/1688] Built Mathlib.Algebra.Group.Commute.Defs (1.6s)
✔ [683/1688] Built Mathlib.Algebra.GroupWithZero.Nat (941ms)
✔ [684/1688] Built Mathlib.Algebra.GroupWithZero.NeZero (1.0s)
✔ [685/1688] Built Mathlib.Data.Prod.Basic (1.7s)
✔ [687/1688] Built Mathlib.Algebra.GroupWithZero.Regular (1.2s)
✔ [688/1688] Built Mathlib.Data.FunLike.Embedding (1.0s)
✔ [689/1688] Built Mathlib.Data.Int.Basic (1.5s)
✔ [690/1688] Built Mathlib.Data.Nat.Sqrt (1.8s)
✔ [691/1688] Built Mathlib.Data.Nat.Find (1.8s)
✔ [692/1688] Built Mathlib.Tactic.GCongr (1.0s)
✔ [693/1688] Built Mathlib.Order.Basic (5.0s)
✔ [694/1688] Built Mathlib.Tactic.GRewrite.Elab (1.0s)
✔ [695/1688] Built Mathlib.Algebra.CharZero.Defs (1.0s)
✔ [696/1688] Built Mathlib.Data.Set.Notation (1.9s)
✔ [697/1688] Built Mathlib.Logic.Nontrivial.Basic (1.1s)
✔ [698/1688] Built Mathlib.Algebra.Notation.Prod (1.5s)
✔ [699/1688] Built Mathlib.Algebra.Ring.Defs (3.4s)
✔ [700/1688] Built Mathlib.Data.FunLike.Equiv (980ms)
✔ [701/1688] Built Mathlib.Algebra.GroupWithZero.InjSurj (1.6s)
✔ [702/1688] Built Mathlib.Algebra.Group.Hom.Defs (6.7s)
✔ [703/1688] Built Mathlib.Algebra.Group.Basic (7.9s)
✔ [704/1688] Built Mathlib.Tactic.GRewrite (891ms)
✔ [705/1688] Built Mathlib.Algebra.Group.Units.Defs (4.0s)
✔ [706/1688] Built Mathlib.Data.PNat.Defs (2.1s)
✔ [707/1688] Built Mathlib.Order.ULift (1.9s)
✔ [708/1688] Built Mathlib.Order.SetNotation (5.2s)
✔ [709/1688] Built Mathlib.Algebra.Ring.Semiconj (1.2s)
✔ [710/1688] Built Mathlib.Order.Monotone.Defs (3.3s)
✔ [711/1688] Built Mathlib.Algebra.Ring.Nat (1.3s)
✔ [712/1688] Built Mathlib.Algebra.Ring.PUnit (1.0s)
✔ [713/1688] Built Mathlib.Algebra.Order.ZeroLEOne (1.9s)
✔ [716/1688] Built Mathlib.Tactic.Nontriviality.Core (2.4s)
✔ [717/1688] Built Mathlib.Algebra.Field.Defs (1.5s)
✔ [718/1688] Built Mathlib.Algebra.Group.Commute.Hom (1.1s)
✔ [719/1688] Built Mathlib.Algebra.GroupWithZero.Pi (1.2s)
✔ [720/1688] Built Mathlib.Algebra.Group.Hom.CompTypeclasses (1.3s)
✔ [721/1688] Built Mathlib.Data.Int.Cast.Basic (1.9s)
✔ [722/1688] Built Mathlib.Algebra.Group.Semiconj.Basic (1.9s)
✔ [723/1688] Built Mathlib.Algebra.Group.Torsion (2.1s)
✔ [724/1688] Built Mathlib.Tactic.Common (2.2s)
✔ [725/1688] Built Mathlib.Logic.Equiv.Defs (3.8s)
✔ [726/1688] Built Mathlib.Algebra.GroupWithZero.Basic (2.7s)
✔ [727/1688] Built Mathlib.Algebra.Group.Nat.Units (975ms)
✔ [728/1688] Built Mathlib.Algebra.Group.Idempotent (1.9s)
✔ [729/1688] Built Mathlib.Algebra.Group.Irreducible.Defs (1.2s)
✔ [730/1688] Built Mathlib.Algebra.Regular.Basic (2.5s)
✔ [731/1688] Built Mathlib.Algebra.Group.Hom.Basic (3.7s)
✔ [732/1688] Built Mathlib.Tactic.Nontriviality (1.4s)
✔ [733/1688] Built Mathlib.Algebra.Group.Units.Basic (4.5s)
✔ [734/1688] Built Mathlib.Algebra.Ring.GrindInstances (2.1s)
✔ [735/1688] Built Mathlib.Algebra.Order.Monoid.Unbundled.Defs (2.6s)
✔ [736/1688] Built Mathlib.Algebra.Ring.Int.Defs (2.2s)
✔ [737/1688] Built Mathlib.Tactic.Zify (2.1s)
✔ [738/1688] Built Mathlib.Algebra.Group.Commute.Basic (2.3s)
✔ [739/1688] Built Mathlib.Algebra.Group.ModEq (2.7s)
✔ [740/1688] Built Mathlib.Algebra.Field.IsField (2.5s)
✔ [741/1688] Built Mathlib.Algebra.Divisibility.Basic (2.4s)
✔ [742/1688] Built Mathlib.Data.Rat.Defs (2.4s)
✔ [743/1688] Built Mathlib.Data.Int.Sqrt (2.3s)
✔ [744/1688] Built Mathlib.Algebra.Group.WithOne.Defs (3.3s)
✔ [745/1688] Built Mathlib.Data.List.ProdSigma (2.7s)
✔ [746/1688] Built Mathlib.Data.Nat.Factorial.Basic (4.7s)
✔ [747/1688] Built Mathlib.Data.List.TakeDrop (4.1s)
✔ [748/1688] Built Mathlib.Data.Vector.Defs (3.7s)
✔ [749/1688] Built Mathlib.Data.List.InsertIdx (3.6s)
✔ [750/1688] Built Mathlib.Algebra.Quotient (3.1s)
✔ [751/1688] Built Mathlib.Data.List.Count (2.6s)
✔ [752/1688] Built Mathlib.Data.List.Induction (4.2s)
✔ [753/1688] Built Mathlib.Data.PNat.Equiv (1.8s)
✔ [754/1688] Built Mathlib.Control.Monad.Writer (1.3s)
✔ [755/1688] Built Mathlib.Control.Monad.Basic (1.1s)
✔ [756/1688] Built Mathlib.Data.Finite.Defs (1.2s)
✔ [757/1688] Built Mathlib.Algebra.Opposites (2.1s)
✔ [758/1688] Built Mathlib.Logic.Small.Defs (1.2s)
✔ [759/1688] Built Mathlib.Algebra.Group.TypeTags.Basic (3.6s)
✔ [760/1688] Built Mathlib.Control.EquivFunctor (951ms)
✔ [761/1688] Built Mathlib.Algebra.Group.Equiv.Defs (4.1s)
✔ [762/1688] Built Mathlib.Order.Lex (1.9s)
✔ [763/1688] Built Mathlib.Algebra.Group.Int.Units (1.9s)
✔ [764/1688] Built Mathlib.Algebra.GroupWithZero.Idempotent (1.7s)
✔ [765/1688] Built Mathlib.Order.OrderDual (2.5s)
✔ [766/1688] Built Mathlib.Algebra.Group.Semiconj.Units (1.7s)
✔ [767/1688] Built Mathlib.Algebra.GroupWithZero.Hom (2.7s)
✔ [768/1688] Built Mathlib.Data.Int.Cast.Field (1.8s)
✔ [769/1688] Built Mathlib.Data.List.Basic (11s)
✔ [770/1688] Built Mathlib.Algebra.Group.Hom.Instances (4.1s)
✔ [771/1688] Built Mathlib.Algebra.GroupWithZero.Units.Basic (3.2s)
✔ [772/1688] Built Mathlib.Algebra.Order.GroupWithZero.Unbundled.Defs (3.1s)
✔ [773/1688] Built Mathlib.Algebra.Divisibility.Units (2.7s)
✔ [774/1688] Built Mathlib.Control.Monad.Cont (1.4s)
✔ [775/1688] Built Mathlib.Algebra.Divisibility.Hom (2.1s)
✔ [776/1688] Built Mathlib.Data.Countable.Defs (1.1s)
✔ [777/1688] Built Mathlib.Algebra.Group.WithOne.Map (2.2s)
✔ [778/1688] Built Mathlib.Data.Nat.Choose.Basic (3.1s)
✔ [779/1688] Built Mathlib.Logic.UnivLE (1.1s)
✔ [780/1688] Built Mathlib.Algebra.Regular.Opposite (1.2s)
✔ [781/1688] Built Mathlib.Algebra.Group.Opposite (3.2s)
✔ [782/1688] Built Mathlib.Logic.Equiv.Option (2.3s)
✔ [783/1688] Built Mathlib.Algebra.Group.ULift (1.9s)
✔ [784/1688] Built Mathlib.Algebra.Group.Action.Defs (3.5s)
✔ [785/1688] Built Mathlib.Algebra.Group.TypeTags.Hom (2.2s)
✔ [786/1688] Built Mathlib.Algebra.Group.Units.Hom (3.0s)
✔ [787/1688] Built Mathlib.Algebra.Ring.Idempotent (2.1s)
✔ [788/1688] Built Mathlib.Order.Compare (2.0s)
✔ [789/1688] Built Mathlib.Algebra.Ring.InjSurj (5.0s)
✔ [790/1688] Built Mathlib.Order.RelClasses (3.1s)
✔ [791/1688] Built Mathlib.Order.Max (2.8s)
✔ [792/1688] Built Mathlib.Algebra.GroupWithZero.Equiv (1.9s)
✔ [793/1688] Built Mathlib.Algebra.Group.Commute.Units (2.6s)
✔ [794/1688] Built Mathlib.Algebra.Order.Group.Synonym (4.6s)
✔ [795/1688] Built Mathlib.Algebra.Ring.Hom.InjSurj (1.7s)
✔ [796/1688] Built Mathlib.Logic.Equiv.Prod (14s)
✔ [797/1688] Built Mathlib.Data.List.Enum (1.9s)
✔ [798/1688] Built Mathlib.Data.List.Infix (2.6s)
✔ [799/1688] Built Mathlib.Data.List.Lattice (2.8s)
✔ [800/1688] Built Mathlib.Data.List.Forall2 (2.7s)
✔ [801/1688] Built Mathlib.Algebra.GroupWithZero.Semiconj (2.2s)
✔ [802/1688] Built Mathlib.Algebra.Group.Hom.End (2.3s)
✔ [803/1688] Built Mathlib.Algebra.Ring.Basic (2.8s)
✔ [804/1688] Built Mathlib.Algebra.GroupWithZero.ULift (1.4s)
✔ [805/1688] Built Mathlib.Algebra.GroupWithZero.Divisibility (2.7s)
✔ [806/1688] Built Mathlib.Algebra.GroupWithZero.Opposite (2.2s)
✔ [807/1688] Built Mathlib.Algebra.Group.Action.Faithful (1.4s)
✔ [808/1688] Built Mathlib.Algebra.Group.Action.TypeTags (1.7s)
✔ [809/1688] Built Mathlib.Algebra.Group.Nat.Hom (1.8s)
✔ [810/1688] Built Mathlib.Algebra.Group.Action.Opposite (2.6s)
✔ [811/1688] Built Mathlib.Data.List.Lex (2.2s)
✔ [812/1688] Built Mathlib.Algebra.EuclideanDomain.Defs (2.3s)
✔ [813/1688] Built Mathlib.Algebra.Group.Equiv.TypeTags (2.0s)
✔ [814/1688] Built Mathlib.Algebra.FreeMonoid.Basic (4.9s)
✔ [815/1688] Built Mathlib.Algebra.Group.Invertible.Basic (2.2s)
✔ [816/1688] Built Mathlib.Order.BoundedOrder.Basic (3.5s)
✔ [817/1688] Built Mathlib.Order.Monotone.Basic (3.7s)
✔ [818/1688] Built Mathlib.Algebra.Order.Group.Action.Synonym (2.2s)
✔ [819/1688] Built Mathlib.Algebra.Order.GroupWithZero.Synonym (2.1s)
✔ [820/1688] Built Mathlib.Algebra.Order.Monoid.Unbundled.OrderDual (2.1s)
✔ [821/1688] Built Mathlib.Algebra.GroupWithZero.WithZero (4.3s)
✔ [822/1688] Built Mathlib.Logic.Equiv.Sum (1.9s)
✔ [823/1688] Built Mathlib.Data.List.Zip (1.0s)
✔ [824/1688] Built Mathlib.Algebra.Order.Ring.Synonym (2.0s)
✔ [825/1688] Built Mathlib.Data.List.Perm.Basic (2.5s)
✔ [826/1688] Built Mathlib.Algebra.GroupWithZero.Commute (2.1s)
✔ [827/1688] Built Mathlib.Data.Int.GCD (2.9s)
✔ [828/1688] Built Mathlib.Data.List.Nodup (3.1s)
✔ [829/1688] Built Mathlib.Algebra.Ring.Rat (2.5s)
✔ [830/1688] Built Mathlib.Algebra.Prime.Defs (2.4s)
✔ [831/1688] Built Mathlib.Data.Nat.GCD.Basic (2.7s)
✔ [832/1688] Built Mathlib.Algebra.Group.Action.Pretransitive (2.1s)
✔ [833/1688] Built Mathlib.Algebra.Group.Action.Units (2.6s)
✔ [834/1688] Built Mathlib.Algebra.Group.Prod (6.2s)
✔ [835/1688] Built Mathlib.Algebra.GroupWithZero.Action.Defs (3.2s)
✔ [836/1688] Built Mathlib.Algebra.Ring.Hom.Defs (4.6s)
✔ [837/1688] Built Mathlib.Algebra.GroupWithZero.Invertible (2.1s)
✔ [838/1688] Built Mathlib.Order.Nat (1.8s)
✔ [839/1688] Built Mathlib.Algebra.EuclideanDomain.Field (2.6s)
✔ [840/1688] Built Mathlib.Order.BoundedOrder.Monotone (2.1s)
✔ [841/1688] Built Mathlib.Data.List.Chain (3.9s)
✔ [842/1688] Built Mathlib.Order.GaloisConnection.Defs (3.1s)
✔ [843/1688] Built Mathlib.Order.Iterate (2.5s)
✔ [844/1688] Built Mathlib.Data.Nat.Log (2.0s)
✔ [845/1688] Built Mathlib.Data.List.Perm.Subperm (2.4s)
✔ [846/1688] Built Mathlib.Algebra.GroupWithZero.Units.Lemmas (2.5s)
✔ [847/1688] Built Mathlib.Data.List.Perm.Lattice (2.8s)
✔ [848/1688] Built Mathlib.Algebra.BigOperators.Group.List.Basic (5.0s)
✔ [849/1688] Built Mathlib.Data.List.OffDiag (3.6s)
✔ [850/1688] Built Mathlib.Data.List.NatAntidiagonal (2.6s)
✔ [851/1688] Built Mathlib.Logic.Equiv.Basic (5.6s)
✔ [852/1688] Built Mathlib.Data.List.Duplicate (2.7s)
✔ [853/1688] Built Mathlib.Data.List.Rotate (3.4s)
✔ [854/1688] Built Mathlib.Order.Lattice (7.5s)
✔ [855/1688] Built Mathlib.Data.List.Dedup (2.6s)
✔ [856/1688] Built Mathlib.Data.Nat.Cast.Prod (1.0s)
✔ [857/1688] Built Mathlib.Algebra.Group.Action.Hom (2.5s)
✔ [858/1688] Built Mathlib.Algebra.GroupWithZero.Prod (2.7s)
✔ [859/1688] Built Mathlib.Data.Nat.Prime.Defs (3.2s)
✔ [860/1688] Built Mathlib.Algebra.GroupWithZero.Action.Units (2.5s)
✔ [861/1688] Built Mathlib.Algebra.GroupWithZero.Action.Opposite (1.9s)
✔ [862/1688] Built Mathlib.Algebra.Regular.SMul (2.3s)
✔ [863/1688] Built Mathlib.Algebra.Order.GroupWithZero.Action.Synonym (2.3s)
✔ [864/1688] Built Mathlib.Algebra.GroupWithZero.Action.Hom (2.1s)
✔ [865/1688] Built Mathlib.Algebra.Ring.Units (2.1s)
✔ [866/1688] Built Mathlib.Algebra.Module.Defs (2.5s)
✔ [867/1688] Built Mathlib.Algebra.Ring.Invertible (2.4s)
✔ [868/1688] Built Mathlib.Data.List.Range (2.2s)
✔ [869/1688] Built Mathlib.Data.List.Sublists (2.6s)
✔ [870/1688] Built Mathlib.Tactic.NormNum.Result (3.7s)
✔ [871/1688] Built Mathlib.Data.Multiset.Defs (3.1s)
✔ [872/1688] Built Mathlib.Data.ULift (2.2s)
✔ [873/1688] Built Mathlib.Order.BoundedOrder.Lattice (2.5s)
✔ [874/1688] Built Mathlib.Algebra.Group.Equiv.Basic (3.9s)
✔ [875/1688] Built Mathlib.Logic.Embedding.Basic (3.5s)
✔ [876/1688] Built Mathlib.Data.List.Permutation (3.2s)
✔ [877/1688] Built Mathlib.Data.Prod.Lex (3.3s)
✔ [878/1688] Built Mathlib.Order.MinMax (2.9s)
✔ [879/1688] Built Mathlib.Data.Int.Cast.Prod (2.1s)
✔ [880/1688] Built Mathlib.Algebra.GroupWithZero.Action.End (2.3s)
✔ [881/1688] Built Mathlib.Algebra.Group.Action.Prod (2.9s)
✔ [882/1688] Built Mathlib.Data.Fin.Basic (3.3s)
✔ [883/1688] Built Mathlib.Algebra.Ring.Int.Units (2.1s)
✔ [884/1688] Built Mathlib.Tactic.Order.CollectFacts (6.0s)
✔ [885/1688] Built Mathlib.Algebra.Ring.Commute (2.7s)
✔ [886/1688] Built Mathlib.Algebra.BigOperators.Group.List.Lemmas (2.7s)
✔ [887/1688] Built Mathlib.SetTheory.Cardinal.Defs (2.9s)
✔ [888/1688] Built Mathlib.Tactic.NormNum.Core (3.8s)
✔ [889/1688] Built Mathlib.Data.Multiset.ZeroCons (3.6s)
✔ [890/1688] Built Mathlib.Algebra.Ring.Divisibility.Basic (3.4s)
✔ [891/1688] Built Mathlib.Algebra.Group.Units.Equiv (3.6s)
✔ [892/1688] Built Mathlib.Order.Disjoint (4.5s)
✔ [893/1688] Built Mathlib.Algebra.Group.Equiv.Opposite (3.8s)
✔ [894/1688] Built Mathlib.Algebra.Group.Embedding (2.1s)
✔ [895/1688] Built Mathlib.Algebra.Group.Action.Basic (2.0s)
✔ [896/1688] Built Mathlib.Algebra.Module.RingHom (2.4s)
✔ [897/1688] Built Mathlib.Algebra.GroupWithZero.Action.Prod (2.5s)
✔ [898/1688] Built Mathlib.Tactic.Order.ToInt (2.6s)
✔ [899/1688] Built Mathlib.Order.RelIso.Basic (4.5s)
✔ [900/1688] Built Mathlib.Tactic.Order.Preprocessing (2.7s)
✔ [901/1688] Built Mathlib.Tactic.Order.Graph.Basic (2.3s)
✔ [902/1688] Built Mathlib.Order.WithBot (12s)
✔ [903/1688] Built Mathlib.Data.Nat.Cast.Commute (1.9s)
✔ [904/1688] Built Mathlib.Data.Multiset.Basic (2.2s)
✔ [905/1688] Built Mathlib.Algebra.BigOperators.Ring.List (2.2s)
✔ [906/1688] Built Mathlib.Data.Multiset.Count (2.6s)
✔ [907/1688] Built Mathlib.Algebra.GroupWithZero.Units.Equiv (2.4s)
✔ [908/1688] Built Mathlib.Algebra.EuclideanDomain.Basic (3.2s)
✔ [909/1688] Built Mathlib.Algebra.Order.Monoid.Unbundled.Basic (7.1s)
✔ [910/1688] Built Mathlib.Order.PropInstances (2.3s)
✔ [911/1688] Built Mathlib.Algebra.Ring.Action.Basic (1.9s)
✔ [912/1688] Built Mathlib.Algebra.Field.Basic (4.9s)
✔ [913/1688] Built Mathlib.Algebra.Module.Prod (1.7s)
✔ [914/1688] Built Mathlib.Algebra.Group.Even (2.8s)
✔ [915/1688] Built Mathlib.Tactic.Order.Graph.Tarjan (1.7s)
✔ [916/1688] Built Mathlib.Data.List.MinMax (3.0s)
✔ [917/1688] Built Mathlib.Algebra.Ring.Opposite (4.4s)
✔ [918/1688] Built Mathlib.Data.Multiset.AddSub (3.1s)
✔ [919/1688] Built Mathlib.Algebra.Order.Sub.Defs (2.0s)
✔ [920/1688] Built Mathlib.Algebra.Order.Monoid.Unbundled.MinMax (3.0s)
✔ [921/1688] Built Mathlib.Data.Set.Basic (4.8s)
✔ [922/1688] Built Mathlib.Algebra.Order.Monoid.NatCast (2.8s)
✔ [923/1688] Built Mathlib.Algebra.Order.Monoid.Unbundled.ExistsOfLE (2.9s)
✔ [924/1688] Built Mathlib.Algebra.Order.Monoid.Defs (2.8s)
✔ [925/1688] Built Mathlib.Algebra.Module.PUnit (2.4s)
✔ [926/1688] Built Mathlib.Order.Heyting.Basic (6.5s)
✔ [927/1688] Built Mathlib.Order.Hom.Basic (7.0s)
✔ [928/1688] Built Mathlib.Algebra.Group.Irreducible.Lemmas (2.1s)
✔ [929/1688] Built Mathlib.Algebra.Order.Monoid.Unbundled.Pow (3.5s)
✔ [931/1688] Built Mathlib.Data.Nat.Cast.Basic (2.3s)
✔ [932/1688] Built Mathlib.Algebra.Group.Nat.Even (2.2s)
✔ [933/1688] Built Mathlib.Algebra.Module.Opposite (1.8s)
✔ [934/1688] Built Mathlib.Data.Multiset.Replicate (2.2s)
✔ [935/1688] Built Mathlib.Tactic.Order (3.6s)
✔ [936/1688] Built Mathlib.Data.Nat.Order.Lemmas (1.9s)
✔ [937/1688] Built Mathlib.Data.SetLike.Basic (2.4s)
✔ [938/1688] Built Mathlib.Data.Set.Order (2.3s)
✔ [939/1688] Built Mathlib.Data.Set.Inclusion (1.9s)
✔ [940/1688] Built Mathlib.Data.Set.Disjoint (2.1s)
✔ [941/1688] Built Mathlib.Algebra.Group.End (4.9s)
✔ [942/1688] Built Mathlib.Algebra.Order.Group.Unbundled.Basic (5.7s)
✔ [943/1688] Built Mathlib.Algebra.Order.Sub.Unbundled.Basic (2.2s)
✔ [944/1688] Built Mathlib.Algebra.Order.Monoid.Unbundled.TypeTags (2.0s)
✔ [945/1688] Built Mathlib.Algebra.Order.Monoid.OrderDual (1.8s)
✔ [946/1688] Built Mathlib.Algebra.Group.Center (6.6s)
✔ [947/1688] Built Mathlib.Algebra.Order.Group.Int (1.7s)
✔ [948/1688] Built Mathlib.Algebra.Order.Monoid.Canonical.Defs (2.7s)
✔ [949/1688] Built Mathlib.Order.BooleanAlgebra.Defs (2.2s)
✔ [950/1688] Built Mathlib.Algebra.Order.Monoid.Basic (1.0s)
✔ [951/1688] Built Mathlib.Order.Antisymmetrization (2.8s)
✔ [952/1688] Built Mathlib.Tactic.ApplyFun (2.7s)
✔ [953/1688] Built Mathlib.Algebra.Order.Monoid.Unbundled.WithTop (6.8s)
✔ [954/1688] Built Mathlib.Algebra.Order.Monoid.Units (2.4s)
✔ [955/1688] Built Mathlib.Algebra.Prime.Lemmas (2.4s)
✔ [956/1688] Built Mathlib.Order.Hom.Lattice (4.8s)
✔ [957/1688] Built Mathlib.Data.Sum.Order (6.1s)
✔ [958/1688] Built Mathlib.Data.Nat.Cast.Order.Basic (2.8s)
✔ [959/1688] Built Mathlib.Order.Hom.Bounded (4.9s)
✔ [960/1688] Built Mathlib.GroupTheory.GroupAction.Hom (15s)
✔ [961/1688] Built Mathlib.Algebra.CharP.Defs (2.9s)
✔ [962/1688] Built Mathlib.Algebra.Group.Int.Even (2.4s)
✔ [963/1688] Built Mathlib.Algebra.Group.Action.End (3.1s)
✔ [964/1688] Built Mathlib.Algebra.Order.Group.OrderIso (2.8s)
✔ [965/1688] Built Mathlib.Data.Set.Insert (3.6s)
✔ [966/1688] Built Mathlib.Algebra.Group.Subsemigroup.Defs (3.7s)
✔ [967/1688] Built Mathlib.Algebra.Group.Conj (3.6s)
✔ [968/1688] Built Mathlib.Algebra.Order.Group.Basic (3.0s)
✔ [969/1688] Built Mathlib.Algebra.Order.Group.Defs (3.0s)
✔ [970/1688] Built Mathlib.Algebra.Ring.Centralizer (1.9s)
✔ [971/1688] Built Mathlib.Algebra.GroupWithZero.Center (1.0s)
✔ [972/1688] Built Mathlib.Algebra.Order.Monoid.TypeTags (1.0s)
✔ [973/1688] Built Mathlib.Tactic.NormNum.Basic (7.5s)
✔ [974/1688] Built Mathlib.Algebra.Order.Group.Nat (1.8s)
✔ [975/1688] Built Mathlib.Algebra.Order.Sub.Basic (2.4s)
✔ [976/1688] Built Mathlib.Algebra.Order.Sub.WithTop (1.0s)
✔ [977/1688] Built Mathlib.Algebra.Order.Monoid.WithTop (2.1s)
✔ [978/1688] Built Mathlib.Algebra.Order.Group.Units (2.1s)
✔ [979/1688] Built Mathlib.Algebra.Order.BigOperators.Group.List (3.0s)
✔ [980/1688] Built Mathlib.GroupTheory.Subsemigroup.Center (2.6s)
✔ [981/1688] Built Mathlib.Algebra.Order.Group.Lattice (2.0s)
✔ [982/1688] Built Mathlib.Algebra.GroupWithZero.Associated (4.6s)
✔ [983/1688] Built Mathlib.Algebra.GroupWithZero.Action.Basic (3.3s)
✔ [984/1688] Built Mathlib.Order.BooleanAlgebra.Basic (5.5s)
✔ [985/1688] Built Mathlib.Algebra.Order.Hom.Monoid (7.8s)
✔ [986/1688] Built Mathlib.Algebra.Ring.Parity (4.9s)
✔ [987/1688] Built Mathlib.Data.Bool.Set (1.8s)
✔ [988/1688] Built Mathlib.Data.Set.Subsingleton (2.2s)
✔ [989/1688] Built Mathlib.Algebra.Group.Submonoid.Defs (5.2s)
✔ [990/1688] Built Mathlib.Data.List.Prime (2.4s)
✔ [991/1688] Built Mathlib.Algebra.Order.AddGroupWithTop (2.9s)
✔ [992/1688] Built Mathlib.Algebra.Ring.Associated (2.6s)
✔ [993/1688] Built Mathlib.Algebra.Order.Group.Unbundled.Abs (3.9s)
✔ [994/1688] Built Mathlib.Order.BooleanAlgebra.Set (3.9s)
✔ [995/1688] Built Mathlib.Data.Nat.Prime.Basic (3.5s)
✔ [996/1688] Built Mathlib.Tactic.Abel (6.3s)
✔ [997/1688] Built Mathlib.Order.SymmDiff (4.4s)
✔ [998/1688] Built Mathlib.Data.Int.Cast.Lemmas (3.9s)
✔ [999/1688] Built Mathlib.Algebra.Ring.Int.Parity (3.7s)
✔ [1000/1688] Built Mathlib.Data.Nat.Bitwise (4.4s)
✔ [1001/1688] Built Mathlib.Data.Part (4.7s)
✔ [1002/1688] Built Mathlib.Algebra.GroupWithZero.Submonoid.Primal (2.4s)
✔ [1003/1688] Built Mathlib.Algebra.Group.Submonoid.MulAction (2.7s)
✔ [1004/1688] Built Mathlib.RingTheory.NonUnitalSubsemiring.Defs (3.0s)
✔ [1005/1688] Built Mathlib.Algebra.Order.Group.Abs (3.4s)
✔ [1006/1688] Built Mathlib.Algebra.Order.Group.Unbundled.Int (2.6s)
✔ [1007/1688] Built Mathlib.Algebra.Order.Group.PosPart (3.9s)
✔ [1008/1688] Built Mathlib.Data.Nat.Prime.Int (2.5s)
✔ [1009/1688] Built Mathlib.Algebra.Group.Subgroup.Defs (6.6s)
✔ [1010/1688] Built Mathlib.Data.Nat.Prime.Pow (2.2s)
✔ [1011/1688] Built Mathlib.Data.Set.SymmDiff (1.8s)
✔ [1012/1688] Built Mathlib.Order.Filter.Defs (3.8s)
✔ [1013/1688] Built Mathlib.Algebra.Ring.Center (1.9s)
✔ [1014/1688] Built Mathlib.Order.Part (2.2s)
✔ [1015/1688] Built Mathlib.Order.Interval.Set.Basic (6.8s)
✔ [1016/1688] Built Mathlib.Algebra.Module.NatInt (3.1s)
✔ [1017/1688] Built Mathlib.Data.Rat.Lemmas (2.8s)
✔ [1018/1688] Built Mathlib.Algebra.Group.Submonoid.DistribMulAction (2.3s)
✔ [1019/1688] Built Mathlib.Algebra.GCDMonoid.Basic (9.9s)
✔ [1020/1688] Built Mathlib.Tactic.NormNum.Pow (4.3s)
✔ [1021/1688] Built Mathlib.Order.Hom.BoundedLattice (5.7s)
✔ [1022/1688] Built Mathlib.Algebra.EuclideanDomain.Int (1.6s)
✔ [1023/1688] Built Mathlib.Algebra.Order.Hom.Basic (2.8s)
✔ [1024/1688] Built Mathlib.Algebra.Ring.Subsemiring.Defs (4.1s)
✔ [1025/1688] Built Mathlib.Algebra.Order.Ring.Unbundled.Rat (3.9s)
✔ [1026/1688] Built Mathlib.Data.Nat.ModEq (3.6s)
✔ [1027/1688] Built Mathlib.Algebra.Module.End (2.9s)
✔ [1028/1688] Built Mathlib.RingTheory.NonUnitalSubring.Defs (4.1s)
✔ [1029/1688] Built Mathlib.Algebra.Ring.Action.Subobjects (3.1s)
✔ [1030/1688] Built Mathlib.Order.Interval.Set.LinearOrder (5.5s)
✔ [1031/1688] Built Mathlib.Algebra.Module.Torsion.Free (4.3s)
✔ [1032/1688] Built Mathlib.Algebra.GCDMonoid.Nat (3.4s)
✔ [1033/1688] Built Mathlib.Data.Set.Image (6.3s)
✔ [1034/1688] Built Mathlib.Data.Int.ModEq (3.6s)
✔ [1035/1688] Built Mathlib.Order.Hom.WithTopBot (4.8s)
✔ [1036/1688] Built Mathlib.Algebra.Module.Torsion.Field (1.0s)
✔ [1037/1688] Built Mathlib.Algebra.NoZeroSMulDivisors.Defs (2.3s)
✔ [1038/1688] Built Mathlib.Order.Interval.Set.WithBotTop (2.3s)
✔ [1039/1688] Built Mathlib.Algebra.Ring.Subring.Defs (5.1s)
✔ [1040/1688] Built Mathlib.Data.Set.List (1.8s)
✔ [1041/1688] Built Mathlib.Logic.Embedding.Set (2.8s)
✔ [1042/1688] Built Mathlib.Algebra.Notation.Support (3.1s)
✔ [1043/1688] Built Mathlib.Data.Nat.Set (1.0s)
✔ [1044/1688] Built Mathlib.Data.Set.Restrict (2.3s)
✔ [1045/1688] Built Mathlib.Order.Directed (2.8s)
✔ [1046/1688] Built Mathlib.Algebra.Group.Support (2.5s)
✔ [1047/1688] Built Mathlib.Data.Int.CharZero (2.7s)
✔ [1048/1688] Built Mathlib.Algebra.Ring.CharZero (2.0s)
✔ [1049/1688] Built Mathlib.Data.Multiset.MapFold (3.6s)
✔ [1050/1688] Built Mathlib.Order.ConditionallyCompletePartialOrder.Defs (2.5s)
✔ [1051/1688] Built Mathlib.Logic.Function.DependsOn (2.5s)
✔ [1052/1688] Built Mathlib.Data.Set.Prod (4.6s)
✔ [1053/1688] Built Mathlib.Data.Multiset.NatAntidiagonal (1.3s)
✔ [1054/1688] Built Mathlib.Data.Set.NAry (1.7s)
✔ [1055/1688] Built Mathlib.Order.Bounds.Basic (5.2s)
✔ [1056/1688] Built Mathlib.Data.Set.Function (3.9s)
✔ [1057/1688] Built Mathlib.Algebra.Group.Pointwise.Set.Scalar (2.8s)
✔ [1058/1688] Built Mathlib.Data.Nat.Prime.Infinite (1.9s)
✔ [1059/1688] Built Mathlib.Order.CompleteLattice.Defs (2.9s)
✔ [1060/1688] Built Mathlib.Order.LatticeIntervals (2.9s)
✔ [1061/1688] Built Mathlib.Order.Bounds.Image (3.4s)
✔ [1062/1688] Built Mathlib.Dynamics.FixedPoints.Basic (2.6s)
✔ [1063/1688] Built Mathlib.Data.Multiset.Filter (3.2s)
✔ [1064/1688] Built Mathlib.Order.Interval.Set.Image (3.3s)
✔ [1065/1688] Built Mathlib.Algebra.Order.Interval.Set.Monoid (2.4s)
✔ [1066/1688] Built Mathlib.Data.Set.Monotone (2.5s)
✔ [1067/1688] Built Mathlib.Data.Set.Piecewise (2.7s)
✔ [1068/1688] Built Mathlib.Order.WellFounded (2.9s)
✔ [1069/1688] Built Mathlib.Data.Set.Pairwise.Basic (3.4s)
✔ [1070/1688] Built Mathlib.Order.ScottContinuity (3.0s)
✔ [1071/1688] Built Mathlib.Algebra.BigOperators.Group.Multiset.Defs (3.2s)
✔ [1072/1688] Built Mathlib.Data.Multiset.UnionInter (3.8s)
✔ [1073/1688] Built Mathlib.Algebra.Group.Pointwise.Set.Basic (10s)
✔ [1074/1688] Built Mathlib.Algebra.Order.GroupWithZero.Unbundled.Basic (8.1s)
✔ [1075/1688] Built Mathlib.Logic.Equiv.Set (5.4s)
✔ [1076/1688] Built Mathlib.Algebra.Group.Action.Pi (2.7s)
✔ [1077/1688] Built Mathlib.Algebra.Notation.Indicator (3.4s)
✔ [1078/1688] Built Mathlib.Order.Interval.Set.UnorderedInterval (4.5s)
✔ [1079/1688] Built Mathlib.Order.ConditionallyCompleteLattice.Defs (2.4s)
✔ [1080/1688] Built Mathlib.Data.Multiset.Dedup (2.3s)
✔ [1081/1688] Built Mathlib.Data.Finset.Defs (2.0s)
✔ [1082/1688] Built Mathlib.Data.Multiset.Range (2.1s)
✔ [1083/1688] Built Mathlib.Algebra.GroupWithZero.Pointwise.Set.Basic (2.0s)
✔ [1084/1688] Built Mathlib.Algebra.Order.BigOperators.GroupWithZero.List (1.0s)
✔ [1085/1688] Built Mathlib.Algebra.Group.Pi.Lemmas (5.0s)
✔ [1086/1688] Built Mathlib.Order.Minimal (5.1s)
✔ [1087/1688] Built Mathlib.Order.RelIso.Set (2.2s)
✔ [1088/1688] Built Mathlib.Logic.Small.Basic (1.0s)
✔ [1089/1688] Built Mathlib.Algebra.Order.Nonneg.Basic (3.9s)
✔ [1090/1688] Built Mathlib.Algebra.GroupWithZero.Action.Pi (2.9s)
✔ [1091/1688] Built Mathlib.Algebra.Order.Ring.Unbundled.Basic (6.5s)
✔ [1092/1688] Built Mathlib.Algebra.Module.Basic (3.3s)
✔ [1093/1688] Built Mathlib.Data.Fin.SuccPred (5.5s)
✔ [1094/1688] Built Mathlib.Algebra.Group.Indicator (3.4s)
✔ [1095/1688] Built Mathlib.Order.Hom.Set (5.4s)
✔ [1096/1688] Built Mathlib.Order.Interval.Set.OrderEmbedding (2.5s)
✔ [1097/1688] Built Mathlib.Algebra.Ring.Equiv (7.5s)
✔ [1098/1688] Built Mathlib.Algebra.Order.GroupWithZero.Canonical (9.1s)
✔ [1099/1688] Built Mathlib.Data.Multiset.Fold (2.5s)
✔ [1100/1688] Built Mathlib.Data.Finset.Order (1.9s)
✔ [1101/1688] Built Mathlib.Data.Multiset.FinsetOps (2.5s)
✔ [1102/1688] Built Mathlib.Data.Finset.Erase (2.1s)
✔ [1103/1688] Built Mathlib.Data.Finset.Dedup (2.2s)
✔ [1104/1688] Built Mathlib.Data.Finset.Attach (2.1s)
✔ [1105/1688] Built Mathlib.Data.Finset.Empty (2.4s)
✔ [1106/1688] Built Mathlib.Algebra.Order.BigOperators.GroupWithZero.Multiset (2.2s)
✔ [1107/1688] Built Mathlib.Data.Countable.Small (1.8s)
✔ [1108/1688] Built Mathlib.Data.Fin.Rev (2.0s)
✔ [1109/1688] Built Mathlib.Algebra.Order.Ring.Defs (2.6s)
✔ [1110/1688] Built Mathlib.Data.NNRat.Defs (3.1s)
✔ [1111/1688] Built Mathlib.Data.Fin.Embedding (2.5s)
✔ [1112/1688] Built Mathlib.GroupTheory.GroupAction.DomAct.Basic (4.3s)
✔ [1113/1688] Built Mathlib.Order.Preorder.Chain (3.3s)
✔ [1114/1688] Built Mathlib.Data.Vector.Basic (3.8s)
✔ [1115/1688] Built Mathlib.Algebra.Ring.Action.Group (2.0s)
✔ [1116/1688] Built Mathlib.Order.Interval.Set.OrderIso (2.5s)
✔ [1117/1688] Built Mathlib.Algebra.Ring.CompTypeclasses (2.1s)
✔ [1118/1688] Built Mathlib.Order.Hom.Lex (3.9s)
✔ [1119/1688] Built Mathlib.Algebra.Ring.ULift (3.6s)
✔ [1120/1688] Built Mathlib.Algebra.Order.Group.Multiset (2.2s)
✔ [1121/1688] Built Mathlib.Algebra.Order.Hom.MonoidWithZero (3.5s)
✔ [1122/1688] Built Mathlib.Algebra.Order.BigOperators.Group.Multiset (2.8s)
✔ [1123/1688] Built Mathlib.Order.UpperLower.Basic (5.9s)
✔ [1124/1688] Built Mathlib.Order.CompleteLattice.Basic (7.9s)
✔ [1125/1688] Built Mathlib.Data.Finset.Lattice.Basic (2.0s)
✔ [1126/1688] Built Mathlib.Data.Multiset.Lattice (2.7s)
✔ [1127/1688] Built Mathlib.Data.Finset.Filter (2.7s)
✔ [1128/1688] Built Mathlib.Algebra.Order.Ring.Nat (2.4s)
✔ [1129/1688] Built Mathlib.Algebra.Group.Fin.Basic (2.7s)
✔ [1130/1688] Built Mathlib.Data.Finset.Insert (4.3s)
✔ [1131/1688] Built Mathlib.Algebra.Order.Ring.InjSurj (1.9s)
✔ [1132/1688] Built Mathlib.Algebra.Order.Ring.Canonical (2.6s)
✔ [1133/1688] Built Mathlib.Algebra.Order.Ring.Int (2.8s)
✔ [1134/1688] Built Mathlib.Algebra.Order.Ring.Rat (1.0s)
✔ [1135/1688] Built Mathlib.Algebra.Order.Ring.Basic (3.0s)
✔ [1136/1688] Built Mathlib.Tactic.CancelDenoms.Core (3.6s)
✔ [1137/1688] Built Mathlib.Algebra.Order.Positive.Ring (2.9s)
✔ [1138/1688] Built Mathlib.Algebra.Field.Rat (2.5s)
✔ [1139/1688] Built Mathlib.Order.Fin.Basic (3.4s)
✔ [1140/1688] Built Mathlib.Algebra.Module.Hom (2.0s)
✔ [1141/1688] Built Mathlib.Order.Antichain (2.9s)
✔ [1142/1688] Built Mathlib.Algebra.Ring.Pi (3.6s)
✔ [1143/1688] Built Mathlib.Algebra.GCDMonoid.Multiset (2.6s)
✔ [1144/1688] Built Mathlib.Data.Multiset.OrderedMonoid (2.2s)
✔ [1145/1688] Built Mathlib.Algebra.BigOperators.Group.Multiset.Basic (3.0s)
✔ [1146/1688] Built Mathlib.Data.Multiset.Sum (2.4s)
✔ [1147/1688] Built Mathlib.Algebra.Ring.Prod (4.5s)
✔ [1148/1688] Built Mathlib.Order.CompleteLattice.Lemmas (2.5s)
✔ [1149/1688] Built Mathlib.Algebra.Order.Hom.Ring (4.4s)
✔ [1150/1688] Built Mathlib.Algebra.Order.Module.Defs (12s)
✔ [1151/1688] Built Mathlib.Order.GaloisConnection.Basic (4.3s)
✔ [1152/1688] Built Mathlib.Data.Setoid.Basic (3.4s)
✔ [1153/1688] Built Mathlib.Order.InitialSeg (4.8s)
✔ [1154/1688] Built Mathlib.Order.OmegaCompletePartialOrder (5.5s)
✔ [1155/1688] Built Mathlib.Data.Nat.Cast.Order.Ring (2.6s)
✔ [1156/1688] Built Mathlib.Algebra.IsPrimePow (2.4s)
✔ [1157/1688] Built Mathlib.Data.Fintype.Defs (3.8s)
✔ [1158/1688] Built Mathlib.Data.Finset.Lattice.Lemmas (2.6s)
✔ [1159/1688] Built Mathlib.Algebra.CharP.Basic (2.9s)
✔ [1160/1688] Built Mathlib.Data.Finset.SDiff (2.9s)
✔ [1161/1688] Built Mathlib.Data.Finset.Range (2.7s)
✔ [1162/1688] Built Mathlib.Algebra.Order.Field.Canonical (2.3s)
✔ [1163/1688] Built Mathlib.Data.Finset.Disjoint (2.6s)
✔ [1164/1688] Built Mathlib.Algebra.Order.BigOperators.Ring.List (2.3s)
✔ [1165/1688] Built Mathlib.Data.Rat.Cast.Defs (3.1s)
✔ [1166/1688] Built Mathlib.Data.PNat.Basic (3.3s)
✔ [1167/1688] Built Mathlib.Algebra.Module.LinearMap.Defs (14s)
✔ [1168/1688] Built Mathlib.Algebra.Module.Pi (3.0s)
✔ [1169/1688] Built Mathlib.Order.Interval.Set.OrdConnected (3.6s)
✔ [1170/1688] Built Mathlib.Algebra.Order.Ring.WithTop (6.4s)
✔ [1171/1688] Built Mathlib.Order.Interval.Set.Fin (5.6s)
✔ [1172/1688] Built Mathlib.Data.Fin.Tuple.Basic (6.5s)
✔ [1173/1688] Built Mathlib.Algebra.Order.Nonneg.Module (3.9s)
✔ [1174/1688] Built Mathlib.Data.Multiset.Bind (4.2s)
✔ [1175/1688] Built Mathlib.Order.Hom.Order (2.0s)
✔ [1176/1688] Built Mathlib.Algebra.Order.Kleene (5.6s)
✔ [1177/1688] Built Mathlib.Algebra.Order.Invertible (2.5s)
✔ [1178/1688] Built Mathlib.Data.Sym.Basic (4.5s)
✔ [1179/1688] Built Mathlib.Algebra.Order.Ring.Cast (3.0s)
✔ [1180/1688] Built Mathlib.Algebra.Order.Ring.Abs (3.8s)
✔ [1181/1688] Built Mathlib.Tactic.Linarith.Lemmas (2.9s)
✔ [1182/1688] Built Mathlib.Tactic.NormNum.Abs (2.9s)
✔ [1183/1688] Built Mathlib.Tactic.FinCases (2.4s)
✔ [1184/1688] Built Mathlib.GroupTheory.Congruence.Defs (5.9s)
✔ [1185/1688] Built Mathlib.Algebra.Order.BigOperators.Ring.Multiset (2.8s)
✔ [1186/1688] Built Mathlib.Data.Rat.Cast.CharZero (3.1s)
✔ [1187/1688] Built Mathlib.Order.CompleteBooleanAlgebra (9.7s)
✔ [1188/1688] Built Mathlib.Data.Finset.Basic (4.6s)
✔ [1189/1688] Built Mathlib.Data.Finset.Image (4.4s)
✔ [1190/1688] Built Mathlib.Algebra.Module.Torsion.Pi (2.5s)
✔ [1191/1688] Built Mathlib.Algebra.Algebra.Defs (4.2s)
✔ [1192/1688] Built Mathlib.Data.List.OfFn (2.2s)
✔ [1193/1688] Built Mathlib.Data.Multiset.Sections (2.2s)
✔ [1194/1688] Built Mathlib.Data.Multiset.Powerset (2.7s)
✔ [1195/1688] Built Mathlib.Data.Multiset.Pi (2.7s)
✔ [1196/1688] Built Mathlib.Data.Fin.VecNotation (3.9s)
✔ [1197/1688] Built Mathlib.Order.Cover (5.4s)
✔ [1198/1688] Built Mathlib.Order.FixedPoints (3.5s)
✔ [1199/1688] Built Mathlib.Tactic.Linarith.Datatypes (3.3s)
✔ [1200/1688] Built Mathlib.Data.Set.BooleanAlgebra (2.2s)
✔ [1201/1688] Built Mathlib.Data.Fintype.OfMap (2.1s)
✔ [1202/1688] Built Mathlib.GroupTheory.Congruence.Hom (3.9s)
✔ [1203/1688] Built Mathlib.Tactic.NormNum.Inv (3.6s)
✔ [1204/1688] Built Mathlib.Data.Finset.SymmDiff (2.1s)
✔ [1205/1688] Built Mathlib.Data.Finset.Fold (2.5s)
✔ [1206/1688] Built Mathlib.Tactic.Positivity.Core (6.4s)
✔ [1207/1688] Built Mathlib.Data.Finset.BooleanAlgebra (2.9s)
✔ [1208/1688] Built Mathlib.Algebra.Group.Pointwise.Set.ListOfFn (2.7s)
✔ [1209/1688] Built Mathlib.Data.List.FinRange (2.8s)
✔ [1210/1688] Built Mathlib.Algebra.Module.LinearMap.Basic (4.7s)
✔ [1211/1688] Built Mathlib.Data.Multiset.Antidiagonal (3.0s)
✔ [1212/1688] Built Mathlib.Algebra.Group.Fin.Tuple (3.2s)
✔ [1213/1688] Built Mathlib.Algebra.Module.Equiv.Defs (15s)
✔ [1214/1688] Built Mathlib.Data.List.Sort (5.4s)
✔ [1215/1688] Built Mathlib.Logic.Equiv.Fin.Basic (4.2s)
✔ [1216/1688] Built Mathlib.Data.Finset.Card (7.7s)
✔ [1217/1688] Built Mathlib.Data.Set.Semiring (3.0s)
✔ [1218/1688] Built Mathlib.Data.Set.Sigma (3.0s)
✔ [1219/1688] Built Mathlib.Order.ModularLattice (4.0s)
✔ [1220/1688] Built Mathlib.GroupTheory.GroupAction.Defs (5.5s)
✔ [1221/1688] Built Mathlib.Order.Closure (4.2s)
✔ [1222/1688] Built Mathlib.Tactic.Linarith.Parsing (3.4s)
✔ [1223/1688] Built Mathlib.Tactic.Linarith.Preprocessing (4.3s)
✔ [1224/1688] Built Mathlib.Tactic.Linarith.Oracle.SimplexAlgorithm (3.5s)
✔ [1225/1688] Built Mathlib.Tactic.NormNum.Eq (3.5s)
✔ [1226/1688] Built Mathlib.Data.Set.Lattice (6.8s)
✔ [1227/1688] Built Mathlib.Algebra.GCDMonoid.Finset (3.2s)
✔ [1228/1688] Built Mathlib.Data.Finset.Union (3.6s)
✔ [1229/1688] Built Mathlib.Data.Finset.Piecewise (2.7s)
✔ [1230/1688] Built Mathlib.Algebra.Order.AbsoluteValue.Basic (4.8s)
✔ [1231/1688] Built Mathlib.Algebra.BigOperators.Ring.Multiset (2.8s)
✔ [1232/1688] Built Mathlib.Data.Fintype.Sets (3.4s)
✔ [1233/1688] Built Mathlib.Algebra.Module.Equiv.Opposite (2.5s)
✔ [1234/1688] Built Mathlib.Algebra.Module.ULift (3.3s)
✔ [1235/1688] Built Mathlib.Data.Nat.Factors (2.7s)
✔ [1236/1688] Built Mathlib.Data.Finset.Fin (2.2s)
✔ [1237/1688] Built Mathlib.Data.List.NodupEquivFin (2.7s)
✔ [1238/1688] Built Mathlib.Data.Finset.Sum (3.3s)
✔ [1239/1688] Built Mathlib.Order.ConditionallyCompletePartialOrder.Basic (2.6s)
✔ [1240/1688] Built Mathlib.Order.CompleteLattice.Chain (2.1s)
✔ [1241/1688] Built Mathlib.Tactic.Linarith.Verification (3.9s)
✔ [1242/1688] Built Mathlib.Tactic.Positivity.Basic (9.0s)
✔ [1243/1688] Built Mathlib.Logic.Small.Set (2.5s)
✔ [1244/1688] Built Mathlib.Tactic.NormNum.Ineq (6.5s)
✔ [1245/1688] Built Mathlib.Data.Set.Pairwise.Lattice (3.3s)
✔ [1246/1688] Built Mathlib.Order.Filter.Basic (5.8s)
✔ [1247/1688] Built Mathlib.Data.Finset.Prod (3.6s)
✔ [1248/1688] Built Mathlib.Data.Finset.Option (3.2s)
✔ [1249/1688] Built Mathlib.Data.Finset.Pi (3.6s)
✔ [1250/1688] Built Mathlib.Data.Set.Lattice.Image (6.1s)
✔ [1251/1688] Built Mathlib.Tactic.Ring.Common (17s)
✔ [1252/1688] Built Mathlib.Data.Fintype.Basic (3.7s)
✔ [1253/1688] Built Mathlib.Order.ConditionallyCompletePartialOrder.Indexed (3.1s)
✔ [1254/1688] Built Mathlib.Order.Zorn (2.6s)
✔ [1255/1688] Built Mathlib.Order.ConditionallyCompleteLattice.Basic (5.1s)
✔ [1256/1688] Built Mathlib.Order.Filter.AtTopBot.Defs (2.8s)
✔ [1257/1688] Built Mathlib.Tactic.NormNum.DivMod (3.6s)
✔ [1258/1688] Built Mathlib.Algebra.BigOperators.Group.Finset.Defs (7.5s)
✔ [1259/1688] Built Mathlib.Algebra.Module.LinearMap.End (7.4s)
✔ [1260/1688] Built Mathlib.Order.CompleteLattice.Finset (3.0s)
✔ [1261/1688] Built Mathlib.Data.Nat.Pairing (2.2s)
✔ [1262/1688] Built Mathlib.Data.Finset.Lattice.Fold (8.4s)
✔ [1263/1688] Built Mathlib.Algebra.Group.Pointwise.Set.Lattice (3.7s)
✔ [1264/1688] Built Mathlib.Algebra.Group.Subsemigroup.Basic (3.0s)
✔ [1265/1688] Built Mathlib.Algebra.Group.Action.Pointwise.Set.Basic (4.9s)
✔ [1266/1688] Built Mathlib.Order.Interval.Set.Disjoint (3.4s)
✔ [1267/1688] Built Mathlib.Order.Filter.Map (5.0s)
✔ [1268/1688] Built Mathlib.Data.Fintype.Card (3.8s)
✔ [1269/1688] Built Mathlib.Algebra.Group.TransferInstance (4.0s)
✔ [1270/1688] Built Mathlib.SetTheory.Cardinal.SchroederBernstein (3.9s)
✔ [1271/1688] Built Mathlib.Algebra.Order.Group.Action (2.6s)
✔ [1272/1688] Built Mathlib.Order.Hom.CompleteLattice (6.3s)
✔ [1273/1688] Built Mathlib.Data.Rat.BigOperators (2.6s)
✔ [1274/1688] Built Mathlib.Order.ConditionallyCompleteLattice.Indexed (4.8s)
✔ [1275/1688] Built Mathlib.Tactic.Ring.Basic (7.3s)
✔ [1276/1688] Built Mathlib.Algebra.CharP.Two (3.2s)
✔ [1277/1688] Built Mathlib.Order.CompleteLatticeIntervals (4.4s)
✔ [1278/1688] Built Mathlib.Logic.Equiv.Nat (2.1s)
✔ [1279/1688] Built Mathlib.Data.Finset.Lattice.Union (2.6s)
✔ [1280/1688] Built Mathlib.Data.Finset.Lattice.Prod (3.2s)
✔ [1281/1688] Built Mathlib.Order.SuccPred.Basic (7.7s)
✔ [1282/1688] Built Mathlib.Data.Finset.Sigma (3.3s)
✔ [1283/1688] Built Mathlib.Data.Finset.Max (4.9s)
✔ [1284/1688] Built Mathlib.GroupTheory.Subsemigroup.Centralizer (2.7s)
✔ [1285/1688] Built Mathlib.Algebra.Group.Submonoid.Basic (4.3s)
✔ [1286/1688] Built Mathlib.Algebra.Group.Subsemigroup.Membership (2.6s)
✔ [1287/1688] Built Mathlib.Algebra.Group.Subsemigroup.MulOpposite (3.1s)
✔ [1288/1688] Built Mathlib.Algebra.BigOperators.Group.Finset.Basic (10s)
✔ [1289/1688] Built Mathlib.Algebra.GroupWithZero.Action.Pointwise.Set (3.2s)
✔ [1290/1688] Built Mathlib.Order.Filter.AtTopBot.Disjoint (2.1s)
✔ [1291/1688] Built Mathlib.Order.Filter.Tendsto (2.5s)
✔ [1292/1688] Built Mathlib.Algebra.Group.Action.TransferInstance (2.7s)
✔ [1293/1688] Built Mathlib.Algebra.Group.Subsemigroup.Operations (7.6s)
✔ [1294/1688] Built Mathlib.Data.Fintype.EquivFin (3.4s)
✔ [1295/1688] Built Mathlib.Order.Filter.Bases.Basic (4.4s)
✔ [1296/1688] Built Mathlib.Algebra.Order.Group.Indicator (3.5s)
✔ [1297/1688] Built Mathlib.Tactic.Ring.PNat (3.0s)
✔ [1298/1688] Built Mathlib.Tactic.Linarith.Frontend (5.0s)
✔ [1299/1688] Built Mathlib.Data.Countable.Basic (2.3s)
✔ [1300/1688] Built Mathlib.Algebra.Order.Nonneg.Lattice (2.4s)
✔ [1301/1688] Built Mathlib.Tactic.Ring.RingNF (3.5s)
✔ [1302/1688] Built Mathlib.Data.Finset.Powerset (3.0s)
✔ [1303/1688] Built Mathlib.Logic.Encodable.Basic (3.4s)
✔ [1304/1688] Built Mathlib.Order.SuccPred.WithBot (2.7s)
✔ [1305/1688] Built Mathlib.Order.Interval.Set.SuccPred (3.8s)
✔ [1306/1688] Built Mathlib.Data.Fintype.Lattice (2.6s)
✔ [1307/1688] Built Mathlib.Order.SuccPred.Archimedean (4.2s)
✔ [1308/1688] Built Mathlib.Algebra.Ring.Submonoid.Basic (2.2s)
✔ [1309/1688] Built Mathlib.Data.Fintype.Sigma (4.3s)
✔ [1310/1688] Built Mathlib.Algebra.Module.Equiv.Basic (19s)
✔ [1311/1688] Built Mathlib.Algebra.BigOperators.Option (2.2s)
✔ [1312/1688] Built Mathlib.Algebra.BigOperators.Group.Finset.Sigma (2.6s)
✔ [1313/1688] Built Mathlib.Order.Atoms (8.2s)
✔ [1314/1688] Built Mathlib.Algebra.Group.Submonoid.MulOpposite (3.1s)
✔ [1315/1688] Built Mathlib.Algebra.BigOperators.Group.Finset.Lemmas (2.4s)
✔ [1316/1688] Built Mathlib.Algebra.BigOperators.GroupWithZero.Finset (2.4s)
✔ [1317/1688] Built Mathlib.Algebra.GroupWithZero.Action.TransferInstance (2.4s)
✔ [1318/1688] Built Mathlib.Order.Filter.AtTopBot.Tendsto (2.5s)
✔ [1319/1688] Built Mathlib.Data.Finset.NoncommProd (4.0s)
✔ [1320/1688] Built Mathlib.Algebra.Group.Shrink (2.8s)
✔ [1321/1688] Built Mathlib.Data.Fintype.Prod (2.5s)
✔ [1322/1688] Built Mathlib.Data.Fintype.Sum (2.6s)
✔ [1323/1688] Built Mathlib.Data.Finite.Set (2.1s)
✔ [1324/1688] Built Mathlib.Algebra.BigOperators.Group.Finset.Piecewise (4.8s)
✔ [1325/1688] Built Mathlib.Data.Fintype.Pigeonhole (2.4s)
✔ [1328/1688] Built Mathlib.Data.ZMod.Defs (2.9s)
✔ [1329/1688] Built Mathlib.Data.Fintype.Option (2.2s)
✔ [1330/1688] Built Mathlib.Algebra.Group.Submonoid.Operations (10s)
✔ [1331/1688] Built Mathlib.Data.Set.Finite.Range (2.8s)
✔ [1332/1688] Built Mathlib.Tactic.Ring (2.2s)
✔ [1333/1688] Built Mathlib.Data.Set.Finite.Basic (4.0s)
✔ [1334/1688] Built Mathlib.Data.Fintype.List (2.5s)
✔ [1335/1688] Built Mathlib.Data.Fintype.Powerset (2.3s)
✔ [1336/1688] Built Mathlib.Algebra.Order.Nonneg.Ring (3.0s)
✔ [1337/1688] Built Mathlib.Data.Finite.Sigma (2.2s)
✔ [1338/1688] Built Mathlib.Logic.Denumerable (3.3s)
✔ [1339/1688] Built Mathlib.Algebra.Group.Subgroup.MulOpposite (3.0s)
✔ [1341/1688] Built Mathlib.Algebra.Group.Submonoid.BigOperators (3.1s)
✔ [1342/1688] Built Mathlib.Algebra.Module.TransferInstance (3.8s)
✔ [1343/1688] Built Mathlib.Order.Filter.AtTopBot.Basic (3.7s)
✔ [1344/1688] Built Mathlib.Order.SuccPred.Limit (5.6s)
✔ [1345/1688] Built Mathlib.Algebra.BigOperators.Pi (4.0s)
✔ [1346/1688] Built Mathlib.Algebra.Group.Pointwise.Set.BigOperators (3.9s)
✔ [1347/1688] Built Mathlib.Data.BitVec (2.6s)
✔ [1348/1688] Built Mathlib.Algebra.Order.BigOperators.Group.Finset (6.4s)
✔ [1349/1688] Built Mathlib.Algebra.Group.Submonoid.Finite (2.4s)
✔ [1350/1688] Built Mathlib.GroupTheory.Submonoid.Center (3.7s)
✔ [1351/1688] Built Mathlib.Algebra.Order.BigOperators.GroupWithZero.Finset (2.9s)
✔ [1352/1688] Built Mathlib.Data.Set.Finite.Powerset (2.5s)
✔ [1353/1688] Built Mathlib.Data.Finset.Preimage (3.7s)
✔ [1354/1688] Built Mathlib.RingTheory.Coprime.Basic (4.5s)
✔ [1355/1688] Built Mathlib.Algebra.Group.Submonoid.Membership (6.8s)
✔ [1356/1688] Built Mathlib.Algebra.Group.Subgroup.Lattice (6.5s)
✔ [1357/1688] Built Mathlib.Algebra.FiniteSupport.Defs (3.2s)
✔ [1358/1688] Built Mathlib.Order.SupIndep (5.2s)
✔ [1359/1688] Built Mathlib.Data.Fintype.Pi (4.1s)
✔ [1361/1688] Built Mathlib.Order.Interval.Set.Infinite (2.4s)
✔ [1362/1688] Built Mathlib.Order.Preorder.Finite (2.5s)
✔ [1363/1688] Built Mathlib.Data.Set.Finite.Lemmas (2.4s)
✔ [1364/1688] Built Mathlib.Logic.Equiv.List (3.3s)
✔ [1365/1688] Built Mathlib.Algebra.Order.Nonneg.Field (4.9s)
✔ [1366/1688] Built Mathlib.Algebra.Module.Shrink (3.6s)
✔ [1367/1688] Built Mathlib.RingTheory.UniqueFactorizationDomain.Defs (3.9s)
✔ [1368/1688] Built Mathlib.GroupTheory.Coset.Defs (4.6s)
✔ [1369/1688] Built Mathlib.Data.List.Cycle (6.1s)
✔ [1370/1688] Built Mathlib.Order.SuccPred.CompleteLinearOrder (3.8s)
✔ [1371/1688] Built Mathlib.Data.DFinsupp.Defs (9.4s)
✔ [1372/1688] Built Mathlib.Algebra.BigOperators.Group.Finset.Preimage (2.3s)
✔ [1373/1688] Built Mathlib.GroupTheory.Submonoid.Centralizer (2.6s)
✔ [1374/1688] Built Mathlib.Algebra.Order.SuccPred (4.9s)
✔ [1375/1688] Built Mathlib.Data.Set.Finite.Lattice (4.6s)
✔ [1376/1688] Built Mathlib.Algebra.GroupWithZero.NonZeroDivisors (4.6s)
✔ [1377/1688] Built Mathlib.Algebra.Notation.FiniteSupport (2.8s)
✔ [1378/1688] Built Mathlib.Data.Finsupp.Defs (4.3s)
✔ [1379/1688] Built Mathlib.Data.Finite.Prod (3.2s)
✔ [1380/1688] Built Mathlib.RingTheory.NonUnitalSubsemiring.Basic (6.5s)
✔ [1381/1688] Built Mathlib.Algebra.BigOperators.Group.Finset.Pi (2.6s)
✔ [1382/1688] Built Mathlib.Data.Fintype.Vector (2.5s)
✔ [1383/1688] Built Mathlib.Data.Set.Countable (2.8s)
✔ [1384/1688] Built Mathlib.Algebra.Order.Field.Rat (2.1s)
✔ [1385/1688] Built Mathlib.Algebra.Group.Subgroup.Map (7.6s)
✔ [1386/1688] Built Mathlib.Order.Interval.Finset.Defs (8.9s)
✔ [1387/1688] Built Mathlib.Data.Rat.Cast.Lemmas (2.4s)
✔ [1388/1688] Built Mathlib.Data.Nat.SuccPred (2.2s)
✔ [1389/1688] Built Mathlib.Data.DFinsupp.Module (3.2s)
✔ [1390/1688] Built Mathlib.Dynamics.PeriodicPts.Defs (3.6s)
✔ [1391/1688] Built Mathlib.SetTheory.Cardinal.Order (3.9s)
✔ [1392/1688] Built Mathlib.Data.Nat.PrimeFin (2.8s)
✔ [1393/1688] Built Mathlib.Algebra.FiniteSupport.Basic (3.4s)
✔ [1394/1688] Built Mathlib.Algebra.Ring.NonZeroDivisors (3.1s)
✔ [1395/1688] Built Mathlib.Order.ConditionallyCompleteLattice.Finset (3.5s)
✔ [1396/1688] Built Mathlib.Data.Finsupp.Single (3.7s)
✔ [1397/1688] Built Mathlib.Algebra.Group.Pointwise.Set.Finite (3.5s)
✔ [1398/1688] Built Mathlib.Data.Finset.NAry (4.6s)
✔ [1399/1688] Built Mathlib.Algebra.BigOperators.Ring.Finset (4.5s)
✔ [1400/1688] Built Mathlib.Data.Fintype.BigOperators (4.3s)
✔ [1401/1688] Built Mathlib.Algebra.Group.Subgroup.ZPowers.Basic (3.5s)
✔ [1402/1688] Built Mathlib.Data.Rat.Cast.Order (5.8s)
✔ [1403/1688] Built Mathlib.GroupTheory.GroupAction.Basic (5.8s)
✔ [1404/1688] Built Mathlib.Algebra.Order.Antidiag.Prod (3.2s)
✔ [1405/1688] Built Mathlib.Order.SuccPred.LinearLocallyFinite (5.3s)
✔ [1406/1688] Built Mathlib.Algebra.Order.Interval.Finset.Basic (3.4s)
✔ [1407/1688] Built Mathlib.Algebra.Ring.Subsemiring.Basic (9.0s)
✔ [1408/1688] Built Mathlib.Tactic.NormNum.OfScientific (3.9s)
✔ [1409/1688] Built Mathlib.Algebra.Group.Subgroup.Ker (8.8s)
✔ [1410/1688] Built Mathlib.Order.Interval.Finset.SuccPred (5.4s)
✔ [1411/1688] Built Mathlib.Order.Interval.Finset.Basic (7.9s)
✔ [1412/1688] Built Mathlib.Data.Fintype.Order (3.9s)
✔ [1413/1688] Built Mathlib.Data.Finsupp.Indicator (3.2s)
✔ [1414/1688] Built Mathlib.Order.SupClosed (5.7s)
✔ [1415/1688] Built Mathlib.Data.ENat.Basic (6.9s)
✔ [1416/1688] Built Mathlib.Algebra.Group.Finsupp (5.5s)
✔ [1417/1688] Built Mathlib.RingTheory.Coprime.Lemmas (4.6s)
✔ [1418/1688] Built Mathlib.Data.Finset.NatAntidiagonal (3.7s)
✔ [1419/1688] Built Mathlib.Tactic.NormNum (2.0s)
✔ [1420/1688] Built Mathlib.SetTheory.Cardinal.Basic (6.5s)
✔ [1421/1688] Built Mathlib.Algebra.Order.BigOperators.Ring.Finset (7.6s)
✔ [1422/1688] Built Mathlib.Algebra.Group.Graph (4.8s)
✔ [1423/1688] Built Mathlib.Algebra.Order.Interval.Finset.SuccPred (4.3s)
✔ [1424/1688] Built Mathlib.Order.Interval.Multiset (2.0s)
✔ [1425/1688] Built Mathlib.Data.ENat.Pow (3.5s)
✔ [1426/1688] Built Mathlib.Algebra.Group.Subgroup.Basic (8.8s)
✔ [1427/1688] Built Mathlib.Algebra.Group.Pointwise.Finset.Basic (12s)
✔ [1428/1688] Built Mathlib.Data.Finsupp.SMulWithZero (2.7s)
✔ [1429/1688] Built Mathlib.GroupTheory.QuotientGroup.Defs (6.7s)
✔ [1430/1688] Built Mathlib.Data.Finsupp.Ext (2.3s)
✔ [1431/1688] Built Mathlib.Tactic.Linarith (1.8s)
✔ [1432/1688] Built Mathlib.Algebra.BigOperators.NatAntidiagonal (2.4s)
✔ [1433/1688] Built Mathlib.GroupTheory.FreeGroup.Basic (9.8s)
✔ [1435/1688] Built Mathlib.Order.Interval.Finset.Nat (3.2s)
✔ [1436/1688] Built Mathlib.SetTheory.Cardinal.ENat (3.8s)
✔ [1437/1688] Built Mathlib.GroupTheory.Subgroup.Center (3.2s)
✔ [1438/1688] Built Mathlib.Algebra.Group.Subgroup.MulOppositeLemmas (3.4s)
✔ [1440/1688] Built Mathlib.Data.Nat.Lattice (3.4s)
✔ [1441/1688] Built Mathlib.RingTheory.NonUnitalSubring.Basic (6.8s)
✔ [1442/1688] Built Mathlib.GroupTheory.Coset.Basic (7.4s)
✔ [1443/1688] Built Mathlib.Order.PartialSups (3.8s)
✔ [1444/1688] Built Mathlib.SetTheory.Cardinal.ToNat (3.4s)
✔ [1447/1688] Built Mathlib.Order.Interval.Finset.Fin (6.4s)
✔ [1450/1688] Built Mathlib.Algebra.BigOperators.Finsupp.Basic (9.4s)
✔ [1451/1688] Built Mathlib.Algebra.Group.Subgroup.Actions (4.1s)
✔ [1452/1688] Built Mathlib.Dynamics.PeriodicPts.Lemmas (3.4s)
✔ [1472/1688] Built Mathlib.GroupTheory.Subgroup.Centralizer (4.9s)
✔ [1473/1688] Built Mathlib.Algebra.BigOperators.Finprod (12s)
✔ [1481/1688] Built Mathlib.Order.OrderIsoNat (2.0s)
✔ [1482/1688] Built Mathlib.SetTheory.Cardinal.Finite (3.8s)
✔ [1483/1688] Built Mathlib.Order.Disjointed (3.6s)
✔ [1485/1688] Built Mathlib.NumberTheory.Divisors (12s)
✔ [1486/1688] Built Mathlib.GroupTheory.GroupAction.ConjAct (3.0s)
✔ [1487/1688] Built Mathlib.Order.WellQuasiOrder (2.5s)
✔ [1488/1688] Built Mathlib.Algebra.BigOperators.GroupWithZero.Action (3.2s)
✔ [1489/1688] Built Mathlib.GroupTheory.Commutator.Basic (5.5s)
✔ [1490/1688] Built Mathlib.Algebra.Order.BigOperators.Group.LocallyFinite (3.9s)
✔ [1491/1688] Built Mathlib.Data.Fintype.Units (2.8s)
✔ [1493/1688] Built Mathlib.Order.CompactlyGenerated.Basic (5.2s)
✔ [1494/1688] Built Mathlib.GroupTheory.Coset.Card (4.9s)
✔ [1495/1688] Built Mathlib.Algebra.Ring.Subring.Basic (12s)
✔ [1496/1688] Built Mathlib.Data.Finite.Card (2.0s)
✔ [1497/1688] Built Mathlib.Algebra.Module.BigOperators (3.4s)
✔ [1498/1688] Built Mathlib.GroupTheory.GroupAction.SubMulAction (13s)
✔ [1499/1688] Built Mathlib.Data.Finsupp.Basic (14s)
✔ [1500/1688] Built Mathlib.Order.WellFoundedSet (6.2s)
✔ [1501/1688] Built Mathlib.Data.Set.Card (8.3s)
✔ [1502/1688] Built Mathlib.Algebra.Group.Subgroup.Finite (4.5s)
✔ [1503/1688] Built Mathlib.Data.Finsupp.SMul (3.0s)
✔ [1504/1688] Built Mathlib.Algebra.BigOperators.Intervals (5.8s)
✔ [1505/1688] Built Mathlib.GroupTheory.GroupAction.SubMulAction.Pointwise (3.8s)
✔ [1506/1688] Built Mathlib.GroupTheory.GroupAction.Quotient (7.1s)
✔ [1507/1688] Built Mathlib.Data.Finsupp.Option (2.7s)
✔ [1508/1688] Built Mathlib.Algebra.Module.Submodule.Defs (4.5s)
✔ [1509/1688] Built Mathlib.Algebra.Group.Submonoid.Pointwise (3.5s)
✔ [1510/1688] Built Mathlib.Data.Nat.Choose.Sum (3.3s)
✔ [1511/1688] Built Mathlib.Algebra.Module.Submodule.Basic (3.0s)
✔ [1512/1688] Built Mathlib.RingTheory.Ideal.Defs (2.0s)
✔ [1513/1688] Built Mathlib.Algebra.Module.Submodule.LinearMap (4.5s)
✔ [1514/1688] Built Mathlib.LinearAlgebra.Quotient.Defs (4.5s)
✔ [1515/1688] Built Mathlib.LinearAlgebra.Finsupp.Defs (5.8s)
✔ [1516/1688] Built Mathlib.Algebra.GroupWithZero.Submonoid.Pointwise (2.3s)
✔ [1517/1688] Built Mathlib.Algebra.Ring.Submonoid.Pointwise (3.2s)
✔ [1518/1688] Built Mathlib.Algebra.Group.Subgroup.Pointwise (4.9s)
✔ [1519/1688] Built Mathlib.Algebra.Module.Submodule.Lattice (5.7s)
✔ [1520/1688] Built Mathlib.RingTheory.Ideal.Lattice (2.6s)
✔ [1521/1688] Built Mathlib.Algebra.GroupWithZero.Subgroup (3.2s)
✔ [1522/1688] Built Mathlib.Algebra.Module.Submodule.RestrictScalars (4.2s)
✔ [1523/1688] Built Mathlib.LinearAlgebra.Finsupp.LSum (5.6s)
✔ [1524/1688] Built Mathlib.RingTheory.Ideal.Prime (2.8s)
✔ [1525/1688] Built Mathlib.GroupTheory.Finiteness (5.9s)
✔ [1526/1688] Built Mathlib.LinearAlgebra.Span.Defs (5.0s)
✔ [1527/1688] Built Mathlib.Algebra.Module.Submodule.Map (6.7s)
✔ [1528/1688] Built Mathlib.GroupTheory.QuotientGroup.Basic (6.8s)
✔ [1529/1688] Built Mathlib.Algebra.Module.Submodule.Ker (1.9s)
✔ [1530/1688] Built Mathlib.Algebra.Module.Submodule.EqLocus (1.8s)
✔ [1531/1688] Built Mathlib.Algebra.Module.Submodule.Range (3.4s)
✔ [1532/1688] Built Mathlib.GroupTheory.Index (5.6s)
✔ [1533/1688] Built Mathlib.Algebra.Algebra.Basic (4.5s)
✔ [1534/1688] Built Mathlib.LinearAlgebra.Finsupp.Supported (3.0s)
✔ [1535/1688] Built Mathlib.Algebra.Module.Submodule.Equiv (3.9s)
✔ [1536/1688] Built Mathlib.Algebra.Module.Submodule.Pointwise (4.0s)
✔ [1537/1688] Built Mathlib.Algebra.Algebra.Hom (4.2s)
✔ [1538/1688] Built Mathlib.Algebra.Module.Submodule.Finsupp (3.1s)
✔ [1539/1688] Built Mathlib.LinearAlgebra.Finsupp.LinearCombination (7.7s)
✔ [1540/1688] Built Mathlib.LinearAlgebra.Span.Basic (7.0s)
✔ [1541/1688] Built Mathlib.Algebra.Algebra.NonUnitalHom (8.7s)
✔ [1542/1688] Built Mathlib.Algebra.Algebra.Equiv (9.3s)
✔ [1543/1688] Built Mathlib.GroupTheory.OrderOfElement (16s)
✔ [1544/1688] Built Mathlib.RingTheory.Ideal.Span (4.6s)
✔ [1545/1688] Built Mathlib.Algebra.Algebra.Prod (2.7s)
✔ [1546/1688] Built Mathlib.Algebra.Algebra.Opposite (4.1s)
✔ [1547/1688] Built Mathlib.RingTheory.Ideal.Maximal (2.5s)
✔ [1548/1688] Built Mathlib.Algebra.Algebra.Tower (4.8s)
✔ [1549/1688] Built Mathlib.LinearAlgebra.BilinearMap (16s)
✔ [1550/1688] Built Mathlib.RingTheory.Ideal.Nonunits (2.7s)
✔ [1551/1688] Built Mathlib.Data.ZMod.Basic (5.6s)
✔ [1552/1688] Built Mathlib.RingTheory.Ideal.Basic (3.1s)
✔ [1553/1688] Built Mathlib.Tactic.Algebraize (3.5s)
✔ [1554/1688] Built Mathlib.Algebra.Module.Submodule.Bilinear (3.1s)
✔ [1555/1688] Built Mathlib.Algebra.Algebra.ZMod (2.1s)
✔ [1560/1688] Built Mathlib.RingTheory.Finiteness.Defs (1.0s)
✔ [1561/1688] Built Mathlib.LinearAlgebra.Prod (8.3s)
✔ [1562/1688] Built Mathlib.LinearAlgebra.TensorProduct.Defs (5.3s)
✔ [1563/1688] Built Mathlib.LinearAlgebra.Pi (3.5s)
✔ [1564/1688] Built Mathlib.RingTheory.Finiteness.Basic (2.6s)
✔ [1565/1688] Built Mathlib.RingTheory.Noetherian.Defs (1.5s)
✔ [1566/1688] Built Mathlib.LinearAlgebra.TensorProduct.Basic (4.9s)
✔ [1567/1688] Built Mathlib.LinearAlgebra.TensorProduct.Map (6.9s)
✔ [1568/1688] Built Mathlib.Algebra.Algebra.Bilinear (2.4s)
✔ [1569/1688] Built Mathlib.Algebra.Algebra.Operations (4.8s)
✔ [1570/1688] Built Mathlib.RingTheory.Ideal.Operations (5.0s)
✔ [1571/1688] Built Mathlib.RingTheory.UniqueFactorizationDomain.Ideal (1.4s)
✔ [1572/1688] Built Mathlib.RingTheory.Noetherian.UniqueFactorizationDomain (1.4s)
✔ [1573/1688] Built Mathlib.RingTheory.Ideal.Maps (4.3s)
✔ [1574/1688] Built Mathlib.RingTheory.Ideal.Prod (1.5s)
✔ [1575/1688] Built Mathlib.RingTheory.PrincipalIdealDomain (1.8s)
✔ [1576/1688] Built Mathlib.RingTheory.Int.Basic (1.3s)
⚠ [1585/1688] Replayed Aeneas.Std.Slice
warning: Aeneas/Std/Slice.lean:364:4: declaration uses `sorry`
warning: Aeneas/Std/Slice.lean:587:8: declaration uses `sorry`
⚠ [1618/1688] Replayed Aeneas.Std.String
warning: Aeneas/Std/String.lean:11:4: declaration uses `sorry`
⚠ [1629/1688] Replayed Aeneas.Std.StringIter
warning: Aeneas/Std/StringIter.lean:13:4: declaration uses `sorry`
✔ [1683/1688] Built RelocateProbeRelocateProbe93d79f43b0c543cb.Types (7.5s)
⚠ [1684/1688] Built Anneal (9.3s)
warning: anneal/Anneal.lean:593:0: Definition `Anneal.test_has_layout` of class type must be marked with `@[reducible]` or `@[implicit_reducible]`
✔ [1686/1688] Built RelocateProbeRelocateProbe93d79f43b0c543cb.Funs (3.8s)
✔ [1687/1688] Built Generated (1.7s)
Build completed successfully (1688 jobs).
