{"synthetic": false,
 "schemaVersion": "2025-09-10",
 "outputs":
 {"o": ["3c827fe79a56b74d.olean"],
  "i": "4d05caa0c8ec5623.ilean",
  "c": "d968f6bf4ffb1c6a.c"},
 "log":
 [{"message":
   ".> LEAN_PATH=$CHECKOUT/.anneal-local-tools/scratch/lean-compilation-diff/v429/project/.lake/build/lib/lean $CHECKOUT/.anneal-local-tools/elan/toolchains/leanprover--lean4---v4.29.0/bin/lean $CHECKOUT/.anneal-local-tools/scratch/lean-compilation-diff/v429/project/Probe.lean -o $CHECKOUT/.anneal-local-tools/scratch/lean-compilation-diff/v429/project/.lake/build/lib/lean/Probe.olean -i $CHECKOUT/.anneal-local-tools/scratch/lean-compilation-diff/v429/project/.lake/build/lib/lean/Probe.ilean -c $CHECKOUT/.anneal-local-tools/scratch/lean-compilation-diff/v429/project/.lake/build/ir/Probe.c --setup $CHECKOUT/.anneal-local-tools/scratch/lean-compilation-diff/v429/project/.lake/build/ir/Probe.setup.json --json",
   "level": "trace"},
  {"message": "Probe.lean:4:0: 5", "level": "info"},
  {"message": "Probe.lean:5:0: 'Probe.inc_four' does not depend on any axioms",
   "level": "info"}],
 "inputs":
 [["Probe:deps",
   [["deps",
     [["compilation_probe/Probe:extraDep",
       [["@compilation_probe:extraDep", "00000000000006bb"]]],
      ["imports",
       [["Probe.Base transitive imports (legacy)", "00000000000006bb"],
        ["Probe.Base:importAllArts", "b0950848b4f73083"]]]]],
    ["libs",
     [["import dynlibs", "00000000000006bb"],
      ["package external libraries", "00000000000006bb"],
      ["module dynlibs", "00000000000006bb"],
      ["module plugins", "00000000000006bb"]]]]],
  ["Lean 4.29.0, commit 98dc76e3c0a9b856c9b98726b713fb04fab16740",
   "60bb08ef22408c8a"],
  ["$CHECKOUT/.anneal-local-tools/scratch/lean-compilation-diff/v429/project/Probe.lean",
   "d9cce203a66903eb"],
  ["options", "00000000000006bb"],
  ["isModule: false", "feefd2a0d3a1847e"],
  ["Module.name: Probe", "d6891b0296b1bab0"],
  ["Package.id?: (some compilation_probe)", "239e0ac49efd9969"],
  ["Module.leanArgs: #[]", "00000000000006bb"]],
 "depHash": "63ee257081e47bf4"}