{"synthetic": false,
 "schemaVersion": "2025-09-10",
 "outputs":
 {"o": ["affd4dd9a678a606.olean"],
  "m": false,
  "i": "2d154d5659184770.ilean",
  "c": "7cbe5b9f9b2f9384.c"},
 "log":
 [{"message":
   ".> LEAN_PATH=$CHECKOUT/.anneal-local-tools/scratch/lake-probes/layout-d/producer/.lake/build/lib/lean:$CHECKOUT/.anneal-local-tools/scratch/lake-probes/layout-d/consumer/.lake/build/lib/lean $CHECKOUT/.anneal-local-tools/elan/toolchains/leanprover--lean4---v4.30.0-rc2/bin/lean $CHECKOUT/.anneal-local-tools/scratch/lake-probes/layout-d/consumer/Generated.lean -o $CHECKOUT/.anneal-local-tools/scratch/lake-probes/layout-d/consumer/.lake/build/lib/lean/Generated.olean -i $CHECKOUT/.anneal-local-tools/scratch/lake-probes/layout-d/consumer/.lake/build/lib/lean/Generated.ilean -c $CHECKOUT/.anneal-local-tools/scratch/lake-probes/layout-d/consumer/.lake/build/ir/Generated.c --setup $CHECKOUT/.anneal-local-tools/scratch/lake-probes/layout-d/consumer/.lake/build/ir/Generated.setup.json --json",
   "level": "trace"},
  {"message": "Generated.lean:2:0: 7", "level": "info"}],
 "inputs":
 [["Generated:deps",
   [["deps",
     [["probe_consumer/Generated:extraDep",
       [["@probe_consumer:extraDep", "00000000000006bb"]]],
      ["imports",
       [["Dep transitive imports (legacy)", "00000000000006bb"],
        ["Dep:importAllArts", "ae81f6389018c4eb"]]]]],
    ["libs",
     [["import dynlibs", "00000000000006bb"],
      ["package external libraries", "00000000000006bb"],
      ["module dynlibs", "00000000000006bb"],
      ["module plugins", "00000000000006bb"]]]]],
  ["Lean 4.30.0, commit 3dc1a088b6d2d8eafe25a7cd7ec7b58d731bd7cc",
   "2c8d2623007dfc36"],
  ["$CHECKOUT/.anneal-local-tools/scratch/lake-probes/layout-d/consumer/Generated.lean",
   "acc3a42895083c97"],
  ["options", "00000000000006bb"],
  ["isModule: false", "feefd2a0d3a1847e"],
  ["Module.name: Generated", "af97050f9dbc92bf"],
  ["Package.id?: (some probe_consumer)", "cacc2e13d7853328"],
  ["Module.leanArgs: #[]", "00000000000006bb"]],
 "depHash": "f9542ad09745b467"}